Archive member included to satisfy reference by file (symbol)

/usr/lib/gcc/arm-none-eabi/9.2.1/../../../arm-none-eabi/lib/thumb/v7e-m+fp/hard/libc_nano.a(lib_a-atexit.o)
                              /usr/lib/gcc/arm-none-eabi/9.2.1/../../../arm-none-eabi/lib/thumb/v7e-m+fp/hard/crt0.o (atexit)
/usr/lib/gcc/arm-none-eabi/9.2.1/../../../arm-none-eabi/lib/thumb/v7e-m+fp/hard/libc_nano.a(lib_a-exit.o)
                              /usr/lib/gcc/arm-none-eabi/9.2.1/../../../arm-none-eabi/lib/thumb/v7e-m+fp/hard/crt0.o (exit)
/usr/lib/gcc/arm-none-eabi/9.2.1/../../../arm-none-eabi/lib/thumb/v7e-m+fp/hard/libc_nano.a(lib_a-fini.o)
                              /usr/lib/gcc/arm-none-eabi/9.2.1/../../../arm-none-eabi/lib/thumb/v7e-m+fp/hard/crt0.o (__libc_fini_array)
/usr/lib/gcc/arm-none-eabi/9.2.1/../../../arm-none-eabi/lib/thumb/v7e-m+fp/hard/libc_nano.a(lib_a-impure.o)
                              /usr/lib/gcc/arm-none-eabi/9.2.1/../../../arm-none-eabi/lib/thumb/v7e-m+fp/hard/libc_nano.a(lib_a-exit.o) (_global_impure_ptr)
/usr/lib/gcc/arm-none-eabi/9.2.1/../../../arm-none-eabi/lib/thumb/v7e-m+fp/hard/libc_nano.a(lib_a-init.o)
                              /usr/lib/gcc/arm-none-eabi/9.2.1/../../../arm-none-eabi/lib/thumb/v7e-m+fp/hard/crt0.o (__libc_init_array)
/usr/lib/gcc/arm-none-eabi/9.2.1/../../../arm-none-eabi/lib/thumb/v7e-m+fp/hard/libc_nano.a(lib_a-memset.o)
                              /usr/lib/gcc/arm-none-eabi/9.2.1/../../../arm-none-eabi/lib/thumb/v7e-m+fp/hard/crt0.o (memset)
/usr/lib/gcc/arm-none-eabi/9.2.1/../../../arm-none-eabi/lib/thumb/v7e-m+fp/hard/libc_nano.a(lib_a-__atexit.o)
                              /usr/lib/gcc/arm-none-eabi/9.2.1/../../../arm-none-eabi/lib/thumb/v7e-m+fp/hard/libc_nano.a(lib_a-atexit.o) (__register_exitproc)
/usr/lib/gcc/arm-none-eabi/9.2.1/../../../arm-none-eabi/lib/thumb/v7e-m+fp/hard/libc_nano.a(lib_a-__call_atexit.o)
                              /usr/lib/gcc/arm-none-eabi/9.2.1/../../../arm-none-eabi/lib/thumb/v7e-m+fp/hard/libc_nano.a(lib_a-__atexit.o) (__call_exitprocs)
/usr/lib/gcc/arm-none-eabi/9.2.1/thumb/v7e-m+fp/hard/libgcc.a(_arm_addsubdf3.o)
                              /tmp/cc73nSx5.o (__aeabi_f2d)
/usr/lib/gcc/arm-none-eabi/9.2.1/thumb/v7e-m+fp/hard/libgcc.a(_arm_truncdfsf2.o)
                              /tmp/cc73nSx5.o (__aeabi_d2f)
/usr/lib/gcc/arm-none-eabi/9.2.1/../../../arm-none-eabi/lib/thumb/v7e-m+fp/hard/libg_nano.a(lib_a-errno.o)
                              /tmp/ccYKabV4.o (__errno)
/usr/lib/gcc/arm-none-eabi/9.2.1/../../../arm-none-eabi/lib/thumb/v7e-m+fp/hard/libg_nano.a(lib_a-putchar.o)
                              /tmp/cc73nSx5.o (putchar)
/usr/lib/gcc/arm-none-eabi/9.2.1/../../../arm-none-eabi/lib/thumb/v7e-m+fp/hard/libg_nano.a(lib_a-puts.o)
                              /tmp/cc73nSx5.o (puts)
/usr/lib/gcc/arm-none-eabi/9.2.1/../../../arm-none-eabi/lib/thumb/v7e-m+fp/hard/libg_nano.a(lib_a-wbuf.o)
                              /usr/lib/gcc/arm-none-eabi/9.2.1/../../../arm-none-eabi/lib/thumb/v7e-m+fp/hard/libg_nano.a(lib_a-puts.o) (__swbuf_r)
/usr/lib/gcc/arm-none-eabi/9.2.1/../../../arm-none-eabi/lib/thumb/v7e-m+fp/hard/libg_nano.a(lib_a-wsetup.o)
                              /usr/lib/gcc/arm-none-eabi/9.2.1/../../../arm-none-eabi/lib/thumb/v7e-m+fp/hard/libg_nano.a(lib_a-puts.o) (__swsetup_r)
/usr/lib/gcc/arm-none-eabi/9.2.1/../../../arm-none-eabi/lib/thumb/v7e-m+fp/hard/libg_nano.a(lib_a-fflush.o)
                              /usr/lib/gcc/arm-none-eabi/9.2.1/../../../arm-none-eabi/lib/thumb/v7e-m+fp/hard/libg_nano.a(lib_a-wbuf.o) (_fflush_r)
/usr/lib/gcc/arm-none-eabi/9.2.1/../../../arm-none-eabi/lib/thumb/v7e-m+fp/hard/libg_nano.a(lib_a-findfp.o)
                              /usr/lib/gcc/arm-none-eabi/9.2.1/../../../arm-none-eabi/lib/thumb/v7e-m+fp/hard/libg_nano.a(lib_a-putchar.o) (__sinit)
/usr/lib/gcc/arm-none-eabi/9.2.1/../../../arm-none-eabi/lib/thumb/v7e-m+fp/hard/libg_nano.a(lib_a-fwalk.o)
                              /usr/lib/gcc/arm-none-eabi/9.2.1/../../../arm-none-eabi/lib/thumb/v7e-m+fp/hard/libg_nano.a(lib_a-findfp.o) (_fwalk)
/usr/lib/gcc/arm-none-eabi/9.2.1/../../../arm-none-eabi/lib/thumb/v7e-m+fp/hard/libg_nano.a(lib_a-makebuf.o)
                              /usr/lib/gcc/arm-none-eabi/9.2.1/../../../arm-none-eabi/lib/thumb/v7e-m+fp/hard/libg_nano.a(lib_a-wsetup.o) (__smakebuf_r)
/usr/lib/gcc/arm-none-eabi/9.2.1/../../../arm-none-eabi/lib/thumb/v7e-m+fp/hard/libg_nano.a(lib_a-nano-freer.o)
                              /usr/lib/gcc/arm-none-eabi/9.2.1/../../../arm-none-eabi/lib/thumb/v7e-m+fp/hard/libg_nano.a(lib_a-wsetup.o) (_free_r)
/usr/lib/gcc/arm-none-eabi/9.2.1/../../../arm-none-eabi/lib/thumb/v7e-m+fp/hard/libg_nano.a(lib_a-nano-mallocr.o)
                              /usr/lib/gcc/arm-none-eabi/9.2.1/../../../arm-none-eabi/lib/thumb/v7e-m+fp/hard/libg_nano.a(lib_a-findfp.o) (_malloc_r)
/usr/lib/gcc/arm-none-eabi/9.2.1/../../../arm-none-eabi/lib/thumb/v7e-m+fp/hard/libg_nano.a(lib_a-putc.o)
[...]
Memory Configuration

Name             Origin             Length             Attributes
CCMRAM           0x0000000010000000 0x0000000000002000 xrw
RAM              0x0000000020000000 0x000000000000a000 xrw
FLASH            0x0000000008000000 0x0000000000040000 xr
*default*        0x0000000000000000 0xffffffffffffffff

Linker script and memory map

LOAD /usr/lib/gcc/arm-none-eabi/9.2.1/thumb/v7e-m+fp/hard/crti.o
LOAD /usr/lib/gcc/arm-none-eabi/9.2.1/thumb/v7e-m+fp/hard/crtbegin.o
LOAD /usr/lib/gcc/arm-none-eabi/9.2.1/../../../arm-none-eabi/lib/thumb/v7e-m+fp/hard/crt0.o
START GROUP
LOAD /usr/lib/gcc/arm-none-eabi/9.2.1/../../../arm-none-eabi/lib/thumb/v7e-m+fp/hard/libc_nano.a
LOAD /usr/lib/gcc/arm-none-eabi/9.2.1/../../../arm-none-eabi/lib/thumb/v7e-m+fp/hard/libm.a
END GROUP
LOAD /tmp/cc73nSx5.o
LOAD /tmp/cc1FwrS2.o
LOAD /tmp/ccWderB2.o
LOAD /tmp/ccYKabV4.o
LOAD /tmp/cc9iMHk6.o
LOAD /tmp/cc1gjJx4.o
LOAD /tmp/ccETNDh5.o
LOAD /tmp/ccpgqGO4.o
LOAD /tmp/cc9FHyY3.o
LOAD /tmp/cctCUsp3.o
LOAD /tmp/ccPxZMb3.o
LOAD /tmp/ccyXcMw2.o
LOAD /tmp/ccMRN541.o
LOAD /tmp/cceMPwL4.o
LOAD /tmp/ccQrnjE4.o
LOAD /tmp/ccoN7oA4.o
LOAD /tmp/cciXpt22.o
LOAD /tmp/ccpnKmm6.o
LOAD /tmp/ccwASb53.o
LOAD /tmp/ccZFCEf2.o
LOAD /tmp/ccMMaNi5.o
LOAD /tmp/cczZfHl5.o
LOAD /tmp/cchehBP2.o
LOAD /tmp/ccmgwjy2.o
LOAD /tmp/ccBLbvg6.o
LOAD /tmp/ccbInsa5.o
START GROUP
LOAD /usr/lib/gcc/arm-none-eabi/9.2.1/thumb/v7e-m+fp/hard/libgcc.a
LOAD /usr/lib/gcc/arm-none-eabi/9.2.1/../../../arm-none-eabi/lib/thumb/v7e-m+fp/hard/libg_nano.a
LOAD /usr/lib/gcc/arm-none-eabi/9.2.1/../../../arm-none-eabi/lib/thumb/v7e-m+fp/hard/libc_nano.a
END GROUP
START GROUP
LOAD /usr/lib/gcc/arm-none-eabi/9.2.1/thumb/v7e-m+fp/hard/libgcc.a
LOAD /usr/lib/gcc/arm-none-eabi/9.2.1/../../../arm-none-eabi/lib/thumb/v7e-m+fp/hard/libc_nano.a
LOAD /usr/lib/gcc/arm-none-eabi/9.2.1/../../../arm-none-eabi/lib/thumb/v7e-m+fp/hard/libnosys.a
END GROUP
START GROUP
LOAD /usr/lib/gcc/arm-none-eabi/9.2.1/thumb/v7e-m+fp/hard/libgcc.a
LOAD /usr/lib/gcc/arm-none-eabi/9.2.1/../../../arm-none-eabi/lib/thumb/v7e-m+fp/hard/libc_nano.a
LOAD /usr/lib/gcc/arm-none-eabi/9.2.1/../../../arm-none-eabi/lib/thumb/v7e-m+fp/hard/libnosys.a
END GROUP
LOAD /usr/lib/gcc/arm-none-eabi/9.2.1/thumb/v7e-m+fp/hard/crtend.o
LOAD /usr/lib/gcc/arm-none-eabi/9.2.1/thumb/v7e-m+fp/hard/crtn.o
                0x000000002000a000                _estack = (ORIGIN (RAM) + LENGTH (RAM))
                0x0000000000000200                _Min_Heap_Size = 0x200
                0x0000000000000400                _Min_Stack_Size = 0x400

.isr_vector     0x0000000008000000      0x188
                0x0000000008000000                . = ALIGN (0x4)
 *(.isr_vector)
 .isr_vector    0x0000000008000000      0x188 /tmp/ccbInsa5.o
                0x0000000008000000                g_pfnVectors
                0x0000000008000188                . = ALIGN (0x4)

.text           0x0000000008000188     0x91a8
                0x0000000008000188                . = ALIGN (0x4)
 *(.text)
 .text          0x0000000008000188       0x88 /usr/lib/gcc/arm-none-eabi/9.2.1/thumb/v7e-m+fp/hard/crtbegin.o
 .text          0x0000000008000210       0x48 /usr/lib/gcc/arm-none-eabi/9.2.1/../../../arm-none-eabi/lib/thumb/v7e-m+fp/hard/libc_nano.a(lib_a-init.o)
                0x0000000008000210                __libc_init_array
 .text          0x0000000008000258       0xa0 /usr/lib/gcc/arm-none-eabi/9.2.1/../../../arm-none-eabi/lib/thumb/v7e-m+fp/hard/libc_nano.a(lib_a-memset.o)
                0x0000000008000258                memset
 .text          0x00000000080002f8       0x74 /tmp/cc73nSx5.o
                0x00000000080002f8                SystemClock_Config
                0x0000000008000368                Error_Handler
 .text          0x000000000800036c      0x1d0 /tmp/cc1FwrS2.o
                0x000000000800036c                HAL_MspInit
                0x000000000800039c                HAL_ADC_MspInit
                0x00000000080003fc                HAL_ADC_MspDeInit
                0x0000000008000420                HAL_DAC_MspInit
                0x0000000008000480                HAL_DAC_MspDeInit
                0x00000000080004a8                HAL_UART_MspInit
                0x0000000008000514                HAL_UART_MspDeInit
 .text          0x000000000800053c       0x24 /tmp/ccWderB2.o
                0x000000000800053c                NMI_Handler
                0x0000000008000540                HardFault_Handler
                0x0000000008000544                MemManage_Handler
                0x0000000008000548                BusFault_Handler
                0x000000000800054c                UsageFault_Handler
                0x0000000008000550                SVC_Handler
                0x0000000008000554                DebugMon_Handler
                0x0000000008000558                PendSV_Handler
                0x000000000800055c                SysTick_Handler
 .text          0x0000000008000560      0x108 /tmp/ccYKabV4.o
                0x0000000008000560                initialise_monitor_handles
                0x0000000008000564                _getpid
                0x0000000008000568                _kill
                0x0000000008000578                _exit
                0x0000000008000584                _read
                0x00000000080005b0                _write
                0x00000000080005dc                _close
                0x00000000080005e4                _fstat
                0x00000000080005f0                _isatty
                0x00000000080005f4                _lseek
                0x00000000080005f8                _open
                0x0000000008000604                _wait
                0x0000000008000614                _unlink
                0x0000000008000624                _times
                0x000000000800062c                _stat
                0x0000000008000638                _link
                0x0000000008000648                _fork
                0x0000000008000658                _execve
 .text          0x0000000008000668       0x3c /tmp/cc9iMHk6.o
                0x0000000008000668                _sbrk
 .text          0x00000000080006a4       0x80 /tmp/cc1gjJx4.o
                0x00000000080006a4                SystemInit
                0x00000000080006c0                SystemCoreClockUpdate
 .text          0x0000000008000724      0x1e0 /tmp/ccETNDh5.o
                0x0000000008000728                HAL_MspDeInit
                0x000000000800072c                HAL_DeInit
                0x0000000008000750                HAL_InitTick
                0x0000000008000794                HAL_Init
                0x00000000080007b8                HAL_IncTick
                0x00000000080007d0                HAL_GetTick
                0x00000000080007dc                HAL_GetTickPrio
                0x00000000080007e8                HAL_SetTickFreq
                0x000000000800080c                HAL_GetTickFreq
                0x0000000008000818                HAL_Delay
                0x000000000800083c                HAL_SuspendTick
                0x000000000800084c                HAL_ResumeTick
                0x000000000800085c                HAL_GetHalVersion
                0x0000000008000864                HAL_GetREVID
                0x0000000008000870                HAL_GetDEVID
                0x0000000008000880                HAL_GetUIDw0
                0x000000000800088c                HAL_GetUIDw1
                0x0000000008000898                HAL_GetUIDw2
                0x00000000080008a4                HAL_DBGMCU_EnableDBGSleepMode
                0x00000000080008b4                HAL_DBGMCU_DisableDBGSleepMode
                0x00000000080008c4                HAL_DBGMCU_EnableDBGStopMode
                0x00000000080008d4                HAL_DBGMCU_DisableDBGStopMode
                0x00000000080008e4                HAL_DBGMCU_EnableDBGStandbyMode
                0x00000000080008f4                HAL_DBGMCU_DisableDBGStandbyMode
 .text          0x0000000008000904       0x5c /tmp/ccpgqGO4.o
                0x0000000008000940                HAL_ADC_ConvCpltCallback
                0x0000000008000944                HAL_ADC_ConvHalfCpltCallback
                0x0000000008000948                HAL_ADC_LevelOutOfWindowCallback
                0x000000000800094c                HAL_ADC_ErrorCallback
                0x0000000008000958                HAL_ADC_GetState
                0x000000000800095c                HAL_ADC_GetError
 .text          0x0000000008000960     0x25e8 /tmp/cc9FHyY3.o
                0x0000000008000b6c                HAL_ADC_Init
                0x0000000008000df0                HAL_ADC_DeInit
                0x0000000008000fac                HAL_ADC_Start
                0x00000000080010ec                HAL_ADC_Stop
                0x0000000008001134                HAL_ADC_PollForConversion
                0x000000000800126c                HAL_ADC_PollForEvent
                0x0000000008001320                HAL_ADC_Start_IT
                0x000000000800148c                HAL_ADC_Stop_IT
                0x00000000080014e0                HAL_ADC_Start_DMA
                0x0000000008001638                HAL_ADC_Stop_DMA
                0x00000000080016bc                HAL_ADC_GetValue
                0x00000000080016c4                HAL_ADCEx_Calibration_Start
                0x0000000008001750                HAL_ADCEx_Calibration_GetValue
                0x0000000008001764                HAL_ADCEx_Calibration_SetValue
                0x00000000080017cc                HAL_ADCEx_InjectedStart
                0x00000000080018dc                HAL_ADCEx_InjectedStop
                0x0000000008001950                HAL_ADCEx_InjectedPollForConversion
                0x0000000008001a24                HAL_ADCEx_InjectedStart_IT
                0x0000000008001b60                HAL_ADCEx_InjectedStop_IT
                0x0000000008001bdc                HAL_ADCEx_MultiModeStart_DMA
                0x0000000008001cfc                HAL_ADCEx_MultiModeStop_DMA
                0x0000000008001e08                HAL_ADCEx_MultiModeGetValue
                0x0000000008001e34                HAL_ADCEx_InjectedGetValue
                0x0000000008001e60                HAL_ADCEx_RegularStop
                0x0000000008001eb8                HAL_ADCEx_RegularStop_IT
                0x0000000008001f18                HAL_ADCEx_RegularStop_DMA
                0x0000000008001fac                HAL_ADCEx_RegularMultiModeStop_DMA
                0x00000000080020c4                HAL_ADCEx_InjectedConvCpltCallback
                0x00000000080020c8                HAL_ADCEx_InjectedQueueOverflowCallback
                0x00000000080020cc                HAL_ADCEx_LevelOutOfWindow2Callback
                0x00000000080020d0                HAL_ADCEx_LevelOutOfWindow3Callback
                0x00000000080020d4                HAL_ADC_IRQHandler
                0x0000000008002488                HAL_ADC_ConfigChannel
                0x0000000008002820                HAL_ADCEx_InjectedConfigChannel
                0x0000000008002cb8                HAL_ADC_AnalogWDGConfig
                0x0000000008002e28                HAL_ADCEx_MultiModeConfigChannel
 .text          0x0000000008002f48      0x2d8 /tmp/cctCUsp3.o
                0x0000000008002f48                HAL_NVIC_SetPriorityGrouping
                0x0000000008002f70                HAL_NVIC_SetPriority
                0x0000000008002fe0                HAL_NVIC_EnableIRQ
                0x0000000008002ffc                HAL_NVIC_DisableIRQ
                0x0000000008003024                HAL_NVIC_SystemReset
                0x0000000008003048                HAL_SYSTICK_Config
                0x000000000800307c                HAL_MPU_Disable
                0x0000000008003098                HAL_MPU_Enable
                0x00000000080030b4                HAL_MPU_ConfigRegion
                0x0000000008003104                HAL_NVIC_GetPriorityGrouping
                0x0000000008003114                HAL_NVIC_GetPriority
                0x0000000008003174                HAL_NVIC_SetPendingIRQ
                0x0000000008003194                HAL_NVIC_GetPendingIRQ
                0x00000000080031b8                HAL_NVIC_ClearPendingIRQ
                0x00000000080031d8                HAL_NVIC_GetActive
                0x00000000080031fc                HAL_SYSTICK_CLKSourceConfig
                0x0000000008003214                HAL_SYSTICK_Callback
                0x0000000008003218                HAL_SYSTICK_IRQHandler
 .text          0x0000000008003220       0xf4 /tmp/ccPxZMb3.o
                0x0000000008003224                HAL_DAC_Init
                0x0000000008003254                HAL_DAC_DeInit
                0x0000000008003274                HAL_DAC_Stop
                0x0000000008003294                HAL_DAC_Stop_DMA
                0x00000000080032fc                HAL_DAC_GetState
                0x0000000008003300                HAL_DAC_GetError
                0x0000000008003304                HAL_DAC_ConvCpltCallbackCh1
                0x0000000008003308                HAL_DAC_ConvHalfCpltCallbackCh1
                0x000000000800330c                HAL_DAC_ErrorCallbackCh1
                0x0000000008003310                HAL_DAC_DMAUnderrunCallbackCh1
 .text          0x0000000008003314      0x354 /tmp/ccyXcMw2.o
                0x0000000008003344                HAL_DAC_SetValue
                0x0000000008003374                HAL_DACEx_DualSetValue
                0x000000000800338c                HAL_DAC_Start
                0x00000000080033e0                HAL_DAC_Start_DMA
                0x00000000080034e4                HAL_DAC_GetValue
                0x00000000080034f0                HAL_DACEx_DualGetValue
                0x00000000080034fc                HAL_DAC_ConfigChannel
                0x0000000008003548                HAL_DACEx_TriangleWaveGenerate
                0x0000000008003584                HAL_DACEx_NoiseWaveGenerate
                0x00000000080035c0                HAL_DACEx_ConvCpltCallbackCh2
                0x00000000080035d4                HAL_DACEx_ConvHalfCpltCallbackCh2
                0x00000000080035e4                HAL_DACEx_ErrorCallbackCh2
                0x0000000008003600                HAL_DACEx_DMAUnderrunCallbackCh2
                0x0000000008003604                HAL_DAC_IRQHandler
 .text          0x0000000008003668      0x470 /tmp/ccMRN541.o
                0x0000000008003668                HAL_DMA_Init
                0x00000000080036ec                HAL_DMA_DeInit
                0x0000000008003764                HAL_DMA_Start
                0x00000000080037c8                HAL_DMA_Start_IT
                0x000000000800384c                HAL_DMA_Abort
                0x0000000008003890                HAL_DMA_Abort_IT
                0x00000000080038d4                HAL_DMA_PollForTransfer
                0x0000000008003994                HAL_DMA_IRQHandler
                0x0000000008003a28                HAL_DMA_RegisterCallback
                0x0000000008003a70                HAL_DMA_UnRegisterCallback
                0x0000000008003acc                HAL_DMA_GetState
                0x0000000008003ad4                HAL_DMA_GetError
 .text          0x0000000008003ad8      0x370 /tmp/ccoN7oA4.o
                0x0000000008003ad8                HAL_GPIO_Init
                0x0000000008003cb4                HAL_GPIO_DeInit
                0x0000000008003ddc                HAL_GPIO_ReadPin
                0x0000000008003de8                HAL_GPIO_WritePin
                0x0000000008003df4                HAL_GPIO_TogglePin
                0x0000000008003e00                HAL_GPIO_LockPin
                0x0000000008003e2c                HAL_GPIO_EXTI_Callback
                0x0000000008003e30                HAL_GPIO_EXTI_IRQHandler
 .text          0x0000000008003e48      0xa94 /tmp/ccwASb53.o
                0x0000000008003e48                HAL_RCC_DeInit
                0x0000000008003f30                HAL_RCC_OscConfig
                0x0000000008004508                HAL_RCC_MCOConfig
                0x0000000008004554                HAL_RCC_EnableCSS
                0x0000000008004570                HAL_RCC_DisableCSS
                0x000000000800458c                HAL_RCC_GetSysClockFreq
                0x00000000080045f4                HAL_RCC_ClockConfig
                0x0000000008004778                HAL_RCC_GetHCLKFreq
                0x0000000008004784                HAL_RCC_GetPCLK1Freq
                0x00000000080047b4                HAL_RCC_GetPCLK2Freq
                0x00000000080047e4                HAL_RCC_GetOscConfig
                0x0000000008004874                HAL_RCC_GetClockConfig
                0x00000000080048b8                HAL_RCC_CSSCallback
                0x00000000080048bc                HAL_RCC_NMI_IRQHandler
 .text          0x00000000080048dc      0x5ec /tmp/ccZFCEf2.o
                0x00000000080048dc                HAL_RCCEx_PeriphCLKConfig
                0x0000000008004b00                HAL_RCCEx_GetPeriphCLKConfig
                0x0000000008004b80                HAL_RCCEx_GetPeriphCLKFreq
 .text          0x0000000008004ec8     0x14bc /tmp/ccmgwjy2.o
                0x0000000008004f54                HAL_UART_DeInit
                0x0000000008004f88                HAL_UART_Transmit_IT
                0x0000000008004ff4                HAL_UART_Receive_IT
                0x00000000080050bc                HAL_UART_Transmit_DMA
                0x0000000008005158                HAL_UART_Receive_DMA
                0x00000000080051fc                HAL_UART_DMAPause
                0x0000000008005268                HAL_UART_DMAResume
                0x00000000080052b8                HAL_UART_DMAStop
                0x0000000008005354                HAL_UART_Abort
                0x00000000080053e8                HAL_UART_AbortTransmit
                0x0000000008005430                HAL_UART_AbortReceive
                0x0000000008005490                HAL_UART_TxCpltCallback
                0x00000000080054c0                HAL_UART_TxHalfCpltCallback
                0x00000000080054d0                HAL_UART_RxCpltCallback
                0x00000000080055bc                HAL_UART_RxHalfCpltCallback
                0x00000000080055cc                HAL_UART_ErrorCallback
                0x0000000008005630                HAL_UART_IRQHandler
                0x00000000080057bc                HAL_UART_AbortCpltCallback
                0x00000000080057c0                HAL_UART_Abort_IT
                0x00000000080058f0                HAL_UART_AbortTransmitCpltCallback
                0x00000000080058f4                HAL_UART_AbortTransmit_IT
                0x0000000008005958                HAL_UART_AbortReceiveCpltCallback
                0x000000000800595c                HAL_UART_AbortReceive_IT
                0x00000000080059f8                HAL_UART_ReceiverTimeout_Config
                0x0000000008005a08                HAL_UART_EnableReceiverTimeout
                0x0000000008005a3c                HAL_UART_DisableReceiverTimeout
                0x0000000008005a70                HAL_MultiProcessor_EnterMuteMode
                0x0000000008005a7c                HAL_HalfDuplex_EnableTransmitter
                0x0000000008005ab4                HAL_HalfDuplex_EnableReceiver
                0x0000000008005aec                HAL_LIN_SendBreak
                0x0000000008005b1c                HAL_UART_GetState
                0x0000000008005b24                HAL_UART_GetError
                0x0000000008005b28                UART_SetConfig
                0x0000000008005dbc                UART_AdvFeatureConfig
                0x0000000008005e6c                UART_WaitOnFlagUntilTimeout
                0x0000000008005f14                HAL_UART_Transmit
                0x0000000008005fe8                HAL_UART_Receive
                0x00000000080060d0                UART_CheckIdleState
                0x000000000800613c                HAL_UART_Init
                0x00000000080061a0                HAL_HalfDuplex_Init
                0x0000000008006210                HAL_LIN_Init
                0x0000000008006298                HAL_MultiProcessor_Init
                0x0000000008006324                HAL_MultiProcessor_EnableMuteMode
                0x0000000008006354                HAL_MultiProcessor_DisableMuteMode
 .text          0x0000000008006384      0x198 /tmp/ccBLbvg6.o
                0x0000000008006384                HAL_RS485Ex_Init
                0x0000000008006410                HAL_UARTEx_WakeupCallback
                0x0000000008006414                HAL_MultiProcessorEx_AddressLength_Set
                0x0000000008006444                HAL_UARTEx_StopModeWakeUpSourceConfig
                0x00000000080064d4                HAL_UARTEx_EnableStopMode
                0x00000000080064f8                HAL_UARTEx_DisableStopMode
 .text          0x000000000800651c      0x378 /usr/lib/gcc/arm-none-eabi/9.2.1/thumb/v7e-m+fp/hard/libgcc.a(_arm_addsubdf3.o)
                0x000000000800651c                __aeabi_drsub
                0x0000000008006524                __aeabi_dsub
                0x0000000008006524                __subdf3
                0x0000000008006528                __adddf3
                0x0000000008006528                __aeabi_dadd
                0x00000000080067a0                __aeabi_ui2d
                0x00000000080067a0                __floatunsidf
                0x00000000080067c0                __floatsidf
                0x00000000080067c0                __aeabi_i2d
                0x00000000080067e4                __extendsfdf2
                0x00000000080067e4                __aeabi_f2d
                0x0000000008006828                __aeabi_ul2d
                0x0000000008006828                __floatundidf
                0x0000000008006838                __floatdidf
                0x0000000008006838                __aeabi_l2d
 .text          0x0000000008006894       0xa0 /usr/lib/gcc/arm-none-eabi/9.2.1/thumb/v7e-m+fp/hard/libgcc.a(_arm_truncdfsf2.o)
                0x0000000008006894                __aeabi_d2f
                0x0000000008006894                __truncdfsf2
 .text          0x0000000008006934        0xc /usr/lib/gcc/arm-none-eabi/9.2.1/../../../arm-none-eabi/lib/thumb/v7e-m+fp/hard/libg_nano.a(lib_a-errno.o)
                0x0000000008006934                __errno
 .text          0x0000000008006940       0x58 /usr/lib/gcc/arm-none-eabi/9.2.1/../../../arm-none-eabi/lib/thumb/v7e-m+fp/hard/libg_nano.a(lib_a-putchar.o)
                0x0000000008006940                _putchar_r
                0x0000000008006964                putchar
 .text          0x0000000008006998       0xe8 /usr/lib/gcc/arm-none-eabi/9.2.1/../../../arm-none-eabi/lib/thumb/v7e-m+fp/hard/libg_nano.a(lib_a-puts.o)
                0x0000000008006998                _puts_r
                0x0000000008006a70                puts
 .text          0x0000000008006a80       0xc0 /usr/lib/gcc/arm-none-eabi/9.2.1/../../../arm-none-eabi/lib/thumb/v7e-m+fp/hard/libg_nano.a(lib_a-wbuf.o)
                0x0000000008006a80                __swbuf_r
                0x0000000008006b30                __swbuf
 .text          0x0000000008006b40      0x100 /usr/lib/gcc/arm-none-eabi/9.2.1/../../../arm-none-eabi/lib/thumb/v7e-m+fp/hard/libg_nano.a(lib_a-wsetup.o)
                0x0000000008006b40                __swsetup_r
 .text          0x0000000008006c40      0x1b0 /usr/lib/gcc/arm-none-eabi/9.2.1/../../../arm-none-eabi/lib/thumb/v7e-m+fp/hard/libg_nano.a(lib_a-fflush.o)
                0x0000000008006c40                __sflush_r
                0x0000000008006d6c                _fflush_r
                0x0000000008006dcc                fflush
 .text          0x0000000008006df0      0x210 /usr/lib/gcc/arm-none-eabi/9.2.1/../../../arm-none-eabi/lib/thumb/v7e-m+fp/hard/libg_nano.a(lib_a-findfp.o)
                0x0000000008006df4                _cleanup_r
                0x0000000008006e04                __sfmoreglue
                0x0000000008006e34                __sfp
                0x0000000008006fac                _cleanup
                0x0000000008006fc0                __sinit
                0x0000000008006fc8                __sfp_lock_acquire
                0x0000000008006fcc                __sfp_lock_release
                0x0000000008006fd0                __sinit_lock_acquire
                0x0000000008006fd4                __sinit_lock_release
                0x0000000008006fd8                __fp_lock_all
                0x0000000008006fec                __fp_unlock_all
 .text          0x0000000008007000       0xa0 /usr/lib/gcc/arm-none-eabi/9.2.1/../../../arm-none-eabi/lib/thumb/v7e-m+fp/hard/libg_nano.a(lib_a-fwalk.o)
                0x0000000008007000                _fwalk
                0x000000000800704c                _fwalk_reent
 .text          0x00000000080070a0       0xf0 /usr/lib/gcc/arm-none-eabi/9.2.1/../../../arm-none-eabi/lib/thumb/v7e-m+fp/hard/libg_nano.a(lib_a-makebuf.o)
                0x00000000080070a0                __swhatbuf_r
                0x00000000080070fc                __smakebuf_r
 .text          0x0000000008007190       0xac /usr/lib/gcc/arm-none-eabi/9.2.1/../../../arm-none-eabi/lib/thumb/v7e-m+fp/hard/libg_nano.a(lib_a-nano-freer.o)
                0x0000000008007190                _free_r
 .text          0x000000000800723c       0xc8 /usr/lib/gcc/arm-none-eabi/9.2.1/../../../arm-none-eabi/lib/thumb/v7e-m+fp/hard/libg_nano.a(lib_a-nano-mallocr.o)
                0x000000000800723c                _malloc_r
 .text          0x0000000008007304      0x10c /usr/lib/gcc/arm-none-eabi/9.2.1/../../../arm-none-eabi/lib/thumb/v7e-m+fp/hard/libg_nano.a(lib_a-putc.o)
                0x0000000008007304                _putc_r
                0x0000000008007384                putc
 .text          0x0000000008007410       0x24 /usr/lib/gcc/arm-none-eabi/9.2.1/../../../arm-none-eabi/lib/thumb/v7e-m+fp/hard/libg_nano.a(lib_a-sbrkr.o)
                0x0000000008007410                _sbrk_r
 .text          0x0000000008007434       0x90 /usr/lib/gcc/arm-none-eabi/9.2.1/../../../arm-none-eabi/lib/thumb/v7e-m+fp/hard/libg_nano.a(lib_a-stdio.o)
                0x0000000008007434                __sread
                0x0000000008007458                __seofread
                0x000000000800745c                __swrite
                0x000000000800749c                __sseek
                0x00000000080074bc                __sclose
 .text          0x00000000080074c4       0x2c /usr/lib/gcc/arm-none-eabi/9.2.1/../../../arm-none-eabi/lib/thumb/v7e-m+fp/hard/libg_nano.a(lib_a-writer.o)
                0x00000000080074c4                _write_r
 .text          0x00000000080074f0       0x24 /usr/lib/gcc/arm-none-eabi/9.2.1/../../../arm-none-eabi/lib/thumb/v7e-m+fp/hard/libg_nano.a(lib_a-closer.o)
                0x00000000080074f0                _close_r
 .text          0x0000000008007514       0x28 /usr/lib/gcc/arm-none-eabi/9.2.1/../../../arm-none-eabi/lib/thumb/v7e-m+fp/hard/libg_nano.a(lib_a-fstatr.o)
                0x0000000008007514                _fstat_r
 .text          0x000000000800753c       0x24 /usr/lib/gcc/arm-none-eabi/9.2.1/../../../arm-none-eabi/lib/thumb/v7e-m+fp/hard/libg_nano.a(lib_a-isattyr.o)
                0x000000000800753c                _isatty_r
 .text          0x0000000008007560       0x2c /usr/lib/gcc/arm-none-eabi/9.2.1/../../../arm-none-eabi/lib/thumb/v7e-m+fp/hard/libg_nano.a(lib_a-lseekr.o)
                0x0000000008007560                _lseek_r
 .text          0x000000000800758c        0x8 /usr/lib/gcc/arm-none-eabi/9.2.1/../../../arm-none-eabi/lib/thumb/v7e-m+fp/hard/libg_nano.a(lib_a-mlock.o)
                0x000000000800758c                __malloc_lock
                0x0000000008007590                __malloc_unlock
 .text          0x0000000008007594       0x2c /usr/lib/gcc/arm-none-eabi/9.2.1/../../../arm-none-eabi/lib/thumb/v7e-m+fp/hard/libg_nano.a(lib_a-readr.o)
                0x0000000008007594                _read_r
 .text          0x00000000080075c0       0xc0 /usr/lib/gcc/arm-none-eabi/9.2.1/../../../arm-none-eabi/lib/thumb/v7e-m+fp/hard/libm.a(lib_a-s_cos.o)
                0x00000000080075c0                cos
 .text          0x0000000008007680       0xc0 /usr/lib/gcc/arm-none-eabi/9.2.1/../../../arm-none-eabi/lib/thumb/v7e-m+fp/hard/libm.a(lib_a-s_sin.o)
                0x0000000008007680                sin
 .text          0x0000000008007740      0x42c /usr/lib/gcc/arm-none-eabi/9.2.1/../../../arm-none-eabi/lib/thumb/v7e-m+fp/hard/libm.a(lib_a-e_rem_pio2.o)
                0x0000000008007740                __ieee754_rem_pio2
 *fill*         0x0000000008007b6c        0x4 
 .text          0x0000000008007b70      0x284 /usr/lib/gcc/arm-none-eabi/9.2.1/../../../arm-none-eabi/lib/thumb/v7e-m+fp/hard/libm.a(lib_a-k_cos.o)
                0x0000000008007b70                __kernel_cos
 *fill*         0x0000000008007df4        0x4 
 .text          0x0000000008007df8      0x82c /usr/lib/gcc/arm-none-eabi/9.2.1/../../../arm-none-eabi/lib/thumb/v7e-m+fp/hard/libm.a(lib_a-k_rem_pio2.o)
                0x0000000008007df8                __kernel_rem_pio2
 *fill*         0x0000000008008624        0x4 
 .text          0x0000000008008628      0x194 /usr/lib/gcc/arm-none-eabi/9.2.1/../../../arm-none-eabi/lib/thumb/v7e-m+fp/hard/libm.a(lib_a-k_sin.o)
                0x0000000008008628                __kernel_sin
 .text          0x00000000080087bc       0x14 /usr/lib/gcc/arm-none-eabi/9.2.1/../../../arm-none-eabi/lib/thumb/v7e-m+fp/hard/libm.a(lib_a-s_fabs.o)
                0x00000000080087bc                fabs
 .text          0x00000000080087d0      0x108 /usr/lib/gcc/arm-none-eabi/9.2.1/../../../arm-none-eabi/lib/thumb/v7e-m+fp/hard/libm.a(lib_a-s_floor.o)
                0x00000000080087d0                floor
 .text          0x00000000080088d8      0x124 /usr/lib/gcc/arm-none-eabi/9.2.1/../../../arm-none-eabi/lib/thumb/v7e-m+fp/hard/libm.a(lib_a-s_scalbn.o)
                0x00000000080088d8                scalbn
 .text          0x00000000080089fc      0x254 /usr/lib/gcc/arm-none-eabi/9.2.1/thumb/v7e-m+fp/hard/libgcc.a(_arm_muldf3.o)
                0x00000000080089fc                __aeabi_dmul
                0x00000000080089fc                __muldf3
 .text          0x0000000008008c50      0x110 /usr/lib/gcc/arm-none-eabi/9.2.1/thumb/v7e-m+fp/hard/libgcc.a(_arm_cmpdf2.o)
                0x0000000008008c50                __gtdf2
                0x0000000008008c50                __gedf2
                0x0000000008008c58                __ltdf2
                0x0000000008008c58                __ledf2
                0x0000000008008c60                __cmpdf2
                0x0000000008008c60                __eqdf2
                0x0000000008008c60                __nedf2
                0x0000000008008cdc                __aeabi_cdrcmple
                0x0000000008008cec                __aeabi_cdcmple
                0x0000000008008cec                __aeabi_cdcmpeq
                0x0000000008008cfc                __aeabi_dcmpeq
                0x0000000008008d10                __aeabi_dcmplt
                0x0000000008008d24                __aeabi_dcmple
                0x0000000008008d38                __aeabi_dcmpge
                0x0000000008008d4c                __aeabi_dcmpgt
 .text          0x0000000008008d60       0x50 /usr/lib/gcc/arm-none-eabi/9.2.1/thumb/v7e-m+fp/hard/libgcc.a(_arm_fixdfsi.o)
                0x0000000008008d60                __fixdfsi
                0x0000000008008d60                __aeabi_d2iz
 *(.text*)
 .text.startup  0x0000000008008db0      0x514 /tmp/cc73nSx5.o
                0x0000000008008db0                main
 .text.Reset_Handler
                0x00000000080092c4       0x50 /tmp/ccbInsa5.o
                0x00000000080092c4                Reset_Handler
 .text.Default_Handler
                0x0000000008009314        0x2 /tmp/ccbInsa5.o
                0x0000000008009314                RTC_Alarm_IRQHandler
                0x0000000008009314                TIM8_TRG_COM_IRQHandler
                0x0000000008009314                TIM8_CC_IRQHandler
                0x0000000008009314                TIM1_CC_IRQHandler
                0x0000000008009314                USB_HP_IRQHandler
                0x0000000008009314                PVD_IRQHandler
                0x0000000008009314                TAMP_STAMP_IRQHandler
                0x0000000008009314                EXTI3_IRQHandler
                0x0000000008009314                USB_HP_CAN_TX_IRQHandler
                0x0000000008009314                EXTI0_IRQHandler
                0x0000000008009314                I2C2_EV_IRQHandler
                0x0000000008009314                FPU_IRQHandler
                0x0000000008009314                TIM1_UP_TIM16_IRQHandler
                0x0000000008009314                ADC1_2_IRQHandler
                0x0000000008009314                SPI1_IRQHandler
                0x0000000008009314                CAN_SCE_IRQHandler
                0x0000000008009314                TIM6_DAC_IRQHandler
                0x0000000008009314                TIM8_UP_IRQHandler
                0x0000000008009314                DMA2_Channel2_IRQHandler
                0x0000000008009314                DMA1_Channel4_IRQHandler
                0x0000000008009314                USART3_IRQHandler
                0x0000000008009314                DMA1_Channel7_IRQHandler
                0x0000000008009314                UART5_IRQHandler
                0x0000000008009314                ADC3_IRQHandler
                0x0000000008009314                TIM4_IRQHandler
                0x0000000008009314                CAN_RX1_IRQHandler
                0x0000000008009314                DMA2_Channel1_IRQHandler
                0x0000000008009314                I2C1_EV_IRQHandler
                0x0000000008009314                DMA1_Channel6_IRQHandler
                0x0000000008009314                UART4_IRQHandler
                0x0000000008009314                DMA2_Channel4_IRQHandler
                0x0000000008009314                TIM3_IRQHandler
                0x0000000008009314                RCC_IRQHandler
                0x0000000008009314                DMA1_Channel1_IRQHandler
                0x0000000008009314                Default_Handler
                0x0000000008009314                USBWakeUp_RMP_IRQHandler
                0x0000000008009314                EXTI15_10_IRQHandler
                0x0000000008009314                TIM7_IRQHandler
                0x0000000008009314                EXTI9_5_IRQHandler
                0x0000000008009314                RTC_WKUP_IRQHandler
                0x0000000008009314                SPI2_IRQHandler
                0x0000000008009314                USB_LP_CAN_RX0_IRQHandler
                0x0000000008009314                DMA2_Channel5_IRQHandler
                0x0000000008009314                DMA1_Channel5_IRQHandler
                0x0000000008009314                USB_LP_IRQHandler
                0x0000000008009314                EXTI4_IRQHandler
                0x0000000008009314                TIM1_TRG_COM_TIM17_IRQHandler
                0x0000000008009314                DMA1_Channel3_IRQHandler
                0x0000000008009314                ADC4_IRQHandler
                0x0000000008009314                WWDG_IRQHandler
                0x0000000008009314                TIM2_IRQHandler
                0x0000000008009314                COMP7_IRQHandler
                0x0000000008009314                COMP1_2_3_IRQHandler
                0x0000000008009314                EXTI1_IRQHandler
                0x0000000008009314                USART2_IRQHandler
                0x0000000008009314                COMP4_5_6_IRQHandler
                0x0000000008009314                I2C2_ER_IRQHandler
                0x0000000008009314                DMA1_Channel2_IRQHandler
                0x0000000008009314                TIM8_BRK_IRQHandler
                0x0000000008009314                FLASH_IRQHandler
                0x0000000008009314                USART1_IRQHandler
                0x0000000008009314                SPI3_IRQHandler
                0x0000000008009314                I2C1_ER_IRQHandler
                0x0000000008009314                USBWakeUp_IRQHandler
                0x0000000008009314                DMA2_Channel3_IRQHandler
                0x0000000008009314                EXTI2_TSC_IRQHandler
                0x0000000008009314                TIM1_BRK_TIM15_IRQHandler
 *(.glue_7)
 .glue_7        0x0000000008009316        0x0 linker stubs
 *(.glue_7t)
 .glue_7t       0x0000000008009316        0x0 linker stubs
 *(.eh_frame)
 *fill*         0x0000000008009316        0x2 
 .eh_frame      0x0000000008009318        0x0 /usr/lib/gcc/arm-none-eabi/9.2.1/thumb/v7e-m+fp/hard/crtbegin.o
 *(.init)
 .init          0x0000000008009318        0x4 /usr/lib/gcc/arm-none-eabi/9.2.1/thumb/v7e-m+fp/hard/crti.o
                0x0000000008009318                _init
 .init          0x000000000800931c        0x8 /usr/lib/gcc/arm-none-eabi/9.2.1/thumb/v7e-m+fp/hard/crtn.o
 *(.fini)
 .fini          0x0000000008009324        0x4 /usr/lib/gcc/arm-none-eabi/9.2.1/thumb/v7e-m+fp/hard/crti.o
                0x0000000008009324                _fini
 .fini          0x0000000008009328        0x8 /usr/lib/gcc/arm-none-eabi/9.2.1/thumb/v7e-m+fp/hard/crtn.o
                0x0000000008009330                . = ALIGN (0x4)
                0x0000000008009330                _etext = .

.vfp11_veneer   0x0000000008009330        0x0
 .vfp11_veneer  0x0000000008009330        0x0 linker stubs

.v4_bx          0x0000000008009330        0x0
 .v4_bx         0x0000000008009330        0x0 linker stubs

.iplt           0x0000000008009330        0x0
 .iplt          0x0000000008009330        0x0 /usr/lib/gcc/arm-none-eabi/9.2.1/thumb/v7e-m+fp/hard/crtbegin.o

.rodata         0x0000000008009330      0x2bc
                0x0000000008009330                . = ALIGN (0x4)
 *(.rodata)
 .rodata        0x0000000008009330        0x4 /usr/lib/gcc/arm-none-eabi/9.2.1/../../../arm-none-eabi/lib/thumb/v7e-m+fp/hard/libc_nano.a(lib_a-impure.o)
                0x0000000008009330                _global_impure_ptr
 .rodata        0x0000000008009334       0x18 /tmp/cc1gjJx4.o
                0x0000000008009334                AHBPrescTable
                0x0000000008009344                APBPrescTable
 .rodata        0x000000000800934c       0x20 /tmp/ccwASb53.o
                0x000000000800934c                aPLLMULFactorTable
                0x000000000800935c                aPredivFactorTable
 .rodata        0x000000000800936c       0x20 /tmp/ccZFCEf2.o
 .rodata        0x000000000800938c        0x3 /tmp/ccmgwjy2.o
 *fill*         0x000000000800938f        0x1 
 .rodata        0x0000000008009390       0x60 /usr/lib/gcc/arm-none-eabi/9.2.1/../../../arm-none-eabi/lib/thumb/v7e-m+fp/hard/libg_nano.a(lib_a-findfp.o)
                0x0000000008009390                __sf_fake_stderr
                0x00000000080093b0                __sf_fake_stdout
                0x00000000080093d0                __sf_fake_stdin
 .rodata        0x00000000080093f0      0x188 /usr/lib/gcc/arm-none-eabi/9.2.1/../../../arm-none-eabi/lib/thumb/v7e-m+fp/hard/libm.a(lib_a-e_rem_pio2.o)
 .rodata        0x0000000008009578       0x50 /usr/lib/gcc/arm-none-eabi/9.2.1/../../../arm-none-eabi/lib/thumb/v7e-m+fp/hard/libm.a(lib_a-k_rem_pio2.o)
 *(.rodata*)
 .rodata.str1.4
                0x00000000080095c8       0x21 /tmp/cc73nSx5.o
                0x00000000080095ec                . = ALIGN (0x4)
 *fill*         0x00000000080095e9        0x3 

.rel.dyn        0x00000000080095ec        0x0
 .rel.iplt      0x00000000080095ec        0x0 /usr/lib/gcc/arm-none-eabi/9.2.1/thumb/v7e-m+fp/hard/crtbegin.o

.ARM.extab      0x00000000080095ec        0x0
                0x00000000080095ec                . = ALIGN (0x4)
 *(.ARM.extab* .gnu.linkonce.armextab.*)
                0x00000000080095ec                . = ALIGN (0x4)

.ARM            0x00000000080095ec        0x0
                0x00000000080095ec                . = ALIGN (0x4)
                0x00000000080095ec                __exidx_start = .
 *(.ARM.exidx*)
                0x00000000080095ec                __exidx_end = .
                0x00000000080095ec                . = ALIGN (0x4)

.preinit_array  0x00000000080095ec        0x0
                0x00000000080095ec                . = ALIGN (0x4)
                0x00000000080095ec                PROVIDE (__preinit_array_start = .)
 *(.preinit_array*)
                0x00000000080095ec                PROVIDE (__preinit_array_end = .)
                0x00000000080095ec                . = ALIGN (0x4)

.init_array     0x00000000080095ec        0x4
                0x00000000080095ec                . = ALIGN (0x4)
                0x00000000080095ec                PROVIDE (__init_array_start = .)
 *(SORT_BY_NAME(.init_array.*))
 *(.init_array*)
 .init_array    0x00000000080095ec        0x4 /usr/lib/gcc/arm-none-eabi/9.2.1/thumb/v7e-m+fp/hard/crtbegin.o
                0x00000000080095f0                PROVIDE (__init_array_end = .)
                0x00000000080095f0                . = ALIGN (0x4)

.fini_array     0x00000000080095f0        0x4
                0x00000000080095f0                . = ALIGN (0x4)
                0x00000000080095f0                PROVIDE (__fini_array_start = .)
 *(SORT_BY_NAME(.fini_array.*))
 *(.fini_array*)
 .fini_array    0x00000000080095f0        0x4 /usr/lib/gcc/arm-none-eabi/9.2.1/thumb/v7e-m+fp/hard/crtbegin.o
                0x00000000080095f4                PROVIDE (__fini_array_end = .)
                0x00000000080095f4                . = ALIGN (0x4)
                0x00000000080095f4                _sidata = LOADADDR (.data)

.data           0x0000000020000000       0x70 load address 0x00000000080095f4
                0x0000000020000000                . = ALIGN (0x4)
                0x0000000020000000                _sdata = .
 *(.data)
 .data          0x0000000020000000       0x64 /usr/lib/gcc/arm-none-eabi/9.2.1/../../../arm-none-eabi/lib/thumb/v7e-m+fp/hard/libc_nano.a(lib_a-impure.o)
                0x0000000020000000                _impure_ptr
 .data          0x0000000020000064        0x4 /tmp/cc1gjJx4.o
                0x0000000020000064                SystemCoreClock
 .data          0x0000000020000068        0x8 /tmp/ccETNDh5.o
                0x0000000020000068                uwTickFreq
                0x000000002000006c                uwTickPrio
 *(.data*)
                0x0000000020000070                . = ALIGN (0x4)
                0x0000000020000070                _edata = .

.tm_clone_table
                0x0000000020000070        0x0 load address 0x0000000008009664
 .tm_clone_table
                0x0000000020000070        0x0 /usr/lib/gcc/arm-none-eabi/9.2.1/thumb/v7e-m+fp/hard/crtbegin.o
 .tm_clone_table
                0x0000000020000070        0x0 /usr/lib/gcc/arm-none-eabi/9.2.1/thumb/v7e-m+fp/hard/crtend.o

.igot.plt       0x0000000020000070        0x0 load address 0x0000000008009664
 .igot.plt      0x0000000020000070        0x0 /usr/lib/gcc/arm-none-eabi/9.2.1/thumb/v7e-m+fp/hard/crtbegin.o
                0x0000000020000070                . = ALIGN (0x4)

.bss            0x0000000020000070      0x118 load address 0x0000000008009664
                0x0000000020000070                _sbss = .
                0x0000000020000070                __bss_start__ = _sbss
 *(.bss)
 .bss           0x0000000020000070       0x1c /usr/lib/gcc/arm-none-eabi/9.2.1/thumb/v7e-m+fp/hard/crtbegin.o
 .bss           0x000000002000008c        0x4 /tmp/cc9iMHk6.o
 .bss           0x0000000020000090        0x8 /usr/lib/gcc/arm-none-eabi/9.2.1/../../../arm-none-eabi/lib/thumb/v7e-m+fp/hard/libg_nano.a(lib_a-nano-mallocr.o)
                0x0000000020000090                __malloc_free_list
                0x0000000020000094                __malloc_sbrk_start
 *(.bss*)
 *(COMMON)
 COMMON         0x0000000020000098       0xe8 /tmp/cc73nSx5.o
                0x0000000020000098                k
                0x000000002000009c                hadc1
                0x00000000200000ec                huart1
                0x000000002000016c                hdac
 COMMON         0x0000000020000180        0x4 /tmp/ccETNDh5.o
                0x0000000020000180                uwTick
 COMMON         0x0000000020000184        0x4 /usr/lib/gcc/arm-none-eabi/9.2.1/../../../arm-none-eabi/lib/thumb/v7e-m+fp/hard/libg_nano.a(lib_a-reent.o)
                0x0000000020000184                errno
                0x0000000020000188                . = ALIGN (0x4)
                0x0000000020000188                _ebss = .
                0x0000000020000188                __bss_end__ = _ebss

._user_heap_stack
                0x0000000020000188      0x600 load address 0x0000000008009664
                0x0000000020000188                . = ALIGN (0x8)
                0x0000000020000188                PROVIDE (end = .)
                [!provide]                        PROVIDE (_end = .)
                0x0000000020000388                . = (. + _Min_Heap_Size)
 *fill*         0x0000000020000188      0x200 
                0x0000000020000788                . = (. + _Min_Stack_Size)
 *fill*         0x0000000020000388      0x400 
                0x0000000020000788                . = ALIGN (0x8)

/DISCARD/
 libc.a(*)
 libm.a(*)
 libgcc.a(*)

.ARM.attributes
                0x0000000000000000       0x30
 *(.ARM.attributes)
 .ARM.attributes
                0x0000000000000000       0x1e /usr/lib/gcc/arm-none-eabi/9.2.1/thumb/v7e-m+fp/hard/crti.o
 .ARM.attributes
                0x000000000000001e       0x34 /usr/lib/gcc/arm-none-eabi/9.2.1/thumb/v7e-m+fp/hard/crtbegin.o
 .ARM.attributes
                0x0000000000000052       0x32 /usr/lib/gcc/arm-none-eabi/9.2.1/../../../arm-none-eabi/lib/thumb/v7e-m+fp/hard/libc_nano.a(lib_a-impure.o)
 .ARM.attributes
                0x0000000000000084       0x34 /usr/lib/gcc/arm-none-eabi/9.2.1/../../../arm-none-eabi/lib/thumb/v7e-m+fp/hard/libc_nano.a(lib_a-init.o)
 .ARM.attributes
                0x00000000000000b8       0x34 /usr/lib/gcc/arm-none-eabi/9.2.1/../../../arm-none-eabi/lib/thumb/v7e-m+fp/hard/libc_nano.a(lib_a-memset.o)
 .ARM.attributes
                0x00000000000000ec       0x34 /tmp/cc73nSx5.o
 .ARM.attributes
                0x0000000000000120       0x34 /tmp/cc1FwrS2.o
 .ARM.attributes
                0x0000000000000154       0x34 /tmp/ccWderB2.o
 .ARM.attributes
                0x0000000000000188       0x34 /tmp/ccYKabV4.o
 .ARM.attributes
                0x00000000000001bc       0x34 /tmp/cc9iMHk6.o
 .ARM.attributes
                0x00000000000001f0       0x34 /tmp/cc1gjJx4.o
 .ARM.attributes
                0x0000000000000224       0x34 /tmp/ccETNDh5.o
 .ARM.attributes
                0x0000000000000258       0x34 /tmp/ccpgqGO4.o
 .ARM.attributes
                0x000000000000028c       0x34 /tmp/cc9FHyY3.o
 .ARM.attributes
                0x00000000000002c0       0x34 /tmp/cctCUsp3.o
 .ARM.attributes
                0x00000000000002f4       0x34 /tmp/ccPxZMb3.o
 .ARM.attributes
                0x0000000000000328       0x34 /tmp/ccyXcMw2.o
 .ARM.attributes
                0x000000000000035c       0x34 /tmp/ccMRN541.o
 .ARM.attributes
                0x0000000000000390       0x34 /tmp/ccoN7oA4.o
 .ARM.attributes
                0x00000000000003c4       0x34 /tmp/ccwASb53.o
 .ARM.attributes
                0x00000000000003f8       0x34 /tmp/ccZFCEf2.o
 .ARM.attributes
                0x000000000000042c       0x34 /tmp/ccmgwjy2.o
 .ARM.attributes
                0x0000000000000460       0x34 /tmp/ccBLbvg6.o
 .ARM.attributes
                0x0000000000000494       0x21 /tmp/ccbInsa5.o
 .ARM.attributes
                0x00000000000004b5       0x1e /usr/lib/gcc/arm-none-eabi/9.2.1/thumb/v7e-m+fp/hard/libgcc.a(_arm_addsubdf3.o)
 .ARM.attributes
                0x00000000000004d3       0x1e /usr/lib/gcc/arm-none-eabi/9.2.1/thumb/v7e-m+fp/hard/libgcc.a(_arm_truncdfsf2.o)
 .ARM.attributes
                0x00000000000004f1       0x34 /usr/lib/gcc/arm-none-eabi/9.2.1/../../../arm-none-eabi/lib/thumb/v7e-m+fp/hard/libg_nano.a(lib_a-errno.o)
 .ARM.attributes
                0x0000000000000525       0x34 /usr/lib/gcc/arm-none-eabi/9.2.1/../../../arm-none-eabi/lib/thumb/v7e-m+fp/hard/libg_nano.a(lib_a-putchar.o)
 .ARM.attributes
                0x0000000000000559       0x34 /usr/lib/gcc/arm-none-eabi/9.2.1/../../../arm-none-eabi/lib/thumb/v7e-m+fp/hard/libg_nano.a(lib_a-puts.o)
 .ARM.attributes
                0x000000000000058d       0x34 /usr/lib/gcc/arm-none-eabi/9.2.1/../../../arm-none-eabi/lib/thumb/v7e-m+fp/hard/libg_nano.a(lib_a-wbuf.o)
 .ARM.attributes
                0x00000000000005c1       0x34 /usr/lib/gcc/arm-none-eabi/9.2.1/../../../arm-none-eabi/lib/thumb/v7e-m+fp/hard/libg_nano.a(lib_a-wsetup.o)
 .ARM.attributes
                0x00000000000005f5       0x34 /usr/lib/gcc/arm-none-eabi/9.2.1/../../../arm-none-eabi/lib/thumb/v7e-m+fp/hard/libg_nano.a(lib_a-fflush.o)
 .ARM.attributes
                0x0000000000000629       0x34 /usr/lib/gcc/arm-none-eabi/9.2.1/../../../arm-none-eabi/lib/thumb/v7e-m+fp/hard/libg_nano.a(lib_a-findfp.o)
 .ARM.attributes
                0x000000000000065d       0x34 /usr/lib/gcc/arm-none-eabi/9.2.1/../../../arm-none-eabi/lib/thumb/v7e-m+fp/hard/libg_nano.a(lib_a-fwalk.o)
 .ARM.attributes
                0x0000000000000691       0x34 /usr/lib/gcc/arm-none-eabi/9.2.1/../../../arm-none-eabi/lib/thumb/v7e-m+fp/hard/libg_nano.a(lib_a-makebuf.o)
 .ARM.attributes
                0x00000000000006c5       0x34 /usr/lib/gcc/arm-none-eabi/9.2.1/../../../arm-none-eabi/lib/thumb/v7e-m+fp/hard/libg_nano.a(lib_a-nano-freer.o)
 .ARM.attributes
                0x00000000000006f9       0x34 /usr/lib/gcc/arm-none-eabi/9.2.1/../../../arm-none-eabi/lib/thumb/v7e-m+fp/hard/libg_nano.a(lib_a-nano-mallocr.o)
 .ARM.attributes
                0x000000000000072d       0x34 /usr/lib/gcc/arm-none-eabi/9.2.1/../../../arm-none-eabi/lib/thumb/v7e-m+fp/hard/libg_nano.a(lib_a-putc.o)
 .ARM.attributes
                0x0000000000000761       0x34 /usr/lib/gcc/arm-none-eabi/9.2.1/../../../arm-none-eabi/lib/thumb/v7e-m+fp/hard/libg_nano.a(lib_a-sbrkr.o)
 .ARM.attributes
                0x0000000000000795       0x34 /usr/lib/gcc/arm-none-eabi/9.2.1/../../../arm-none-eabi/lib/thumb/v7e-m+fp/hard/libg_nano.a(lib_a-stdio.o)
 .ARM.attributes
                0x00000000000007c9       0x34 /usr/lib/gcc/arm-none-eabi/9.2.1/../../../arm-none-eabi/lib/thumb/v7e-m+fp/hard/libg_nano.a(lib_a-writer.o)
 .ARM.attributes
                0x00000000000007fd       0x34 /usr/lib/gcc/arm-none-eabi/9.2.1/../../../arm-none-eabi/lib/thumb/v7e-m+fp/hard/libg_nano.a(lib_a-closer.o)
 .ARM.attributes
                0x0000000000000831       0x34 /usr/lib/gcc/arm-none-eabi/9.2.1/../../../arm-none-eabi/lib/thumb/v7e-m+fp/hard/libg_nano.a(lib_a-fstatr.o)
 .ARM.attributes
                0x0000000000000865       0x34 /usr/lib/gcc/arm-none-eabi/9.2.1/../../../arm-none-eabi/lib/thumb/v7e-m+fp/hard/libg_nano.a(lib_a-isattyr.o)
 .ARM.attributes
                0x0000000000000899       0x34 /usr/lib/gcc/arm-none-eabi/9.2.1/../../../arm-none-eabi/lib/thumb/v7e-m+fp/hard/libg_nano.a(lib_a-lseekr.o)
 .ARM.attributes
                0x00000000000008cd       0x34 /usr/lib/gcc/arm-none-eabi/9.2.1/../../../arm-none-eabi/lib/thumb/v7e-m+fp/hard/libg_nano.a(lib_a-mlock.o)
 .ARM.attributes
                0x0000000000000901       0x34 /usr/lib/gcc/arm-none-eabi/9.2.1/../../../arm-none-eabi/lib/thumb/v7e-m+fp/hard/libg_nano.a(lib_a-readr.o)
 .ARM.attributes
                0x0000000000000935       0x34 /usr/lib/gcc/arm-none-eabi/9.2.1/../../../arm-none-eabi/lib/thumb/v7e-m+fp/hard/libg_nano.a(lib_a-reent.o)
 .ARM.attributes
                0x0000000000000969       0x32 /usr/lib/gcc/arm-none-eabi/9.2.1/thumb/v7e-m+fp/hard/crtend.o
 .ARM.attributes
                0x000000000000099b       0x1e /usr/lib/gcc/arm-none-eabi/9.2.1/thumb/v7e-m+fp/hard/crtn.o
OUTPUT(Virpesys.elf elf32-littlearm)
LOAD linker stubs
LOAD /usr/lib/gcc/arm-none-eabi/9.2.1/../../../arm-none-eabi/lib/thumb/v7e-m+fp/hard/libc.a
LOAD /usr/lib/gcc/arm-none-eabi/9.2.1/../../../arm-none-eabi/lib/thumb/v7e-m+fp/hard/libm.a
LOAD /usr/lib/gcc/arm-none-eabi/9.2.1/thumb/v7e-m+fp/hard/libgcc.a

.comment        0x0000000000000000       0xa7
 .comment       0x0000000000000000       0x59 /usr/lib/gcc/arm-none-eabi/9.2.1/thumb/v7e-m+fp/hard/crtbegin.o
                                         0x5a (size before relaxing)
 .comment       0x0000000000000059       0x4e /usr/lib/gcc/arm-none-eabi/9.2.1/../../../arm-none-eabi/lib/thumb/v7e-m+fp/hard/libc_nano.a(lib_a-impure.o)
                                         0x4f (size before relaxing)
 .comment       0x00000000000000a7       0x4f /usr/lib/gcc/arm-none-eabi/9.2.1/../../../arm-none-eabi/lib/thumb/v7e-m+fp/hard/libc_nano.a(lib_a-init.o)
 .comment       0x00000000000000a7       0x4f /usr/lib/gcc/arm-none-eabi/9.2.1/../../../arm-none-eabi/lib/thumb/v7e-m+fp/hard/libc_nano.a(lib_a-memset.o)
 .comment       0x00000000000000a7       0x5a /tmp/cc73nSx5.o
 .comment       0x00000000000000a7       0x5a /tmp/cc1FwrS2.o
 .comment       0x00000000000000a7       0x5a /tmp/ccWderB2.o
 .comment       0x00000000000000a7       0x5a /tmp/ccYKabV4.o
 .comment       0x00000000000000a7       0x5a /tmp/cc9iMHk6.o
 .comment       0x00000000000000a7       0x5a /tmp/cc1gjJx4.o
 .comment       0x00000000000000a7       0x5a /tmp/ccETNDh5.o
 .comment       0x00000000000000a7       0x5a /tmp/ccpgqGO4.o
 .comment       0x00000000000000a7       0x5a /tmp/cc9FHyY3.o
 .comment       0x00000000000000a7       0x5a /tmp/cctCUsp3.o
 .comment       0x00000000000000a7       0x5a /tmp/ccPxZMb3.o
 .comment       0x00000000000000a7       0x5a /tmp/ccyXcMw2.o
 .comment       0x00000000000000a7       0x5a /tmp/ccMRN541.o
 .comment       0x00000000000000a7       0x5a /tmp/ccoN7oA4.o
 .comment       0x00000000000000a7       0x5a /tmp/ccwASb53.o
 .comment       0x00000000000000a7       0x5a /tmp/ccZFCEf2.o
 .comment       0x00000000000000a7       0x5a /tmp/ccmgwjy2.o
 .comment       0x00000000000000a7       0x5a /tmp/ccBLbvg6.o
 .comment       0x00000000000000a7       0x4f /usr/lib/gcc/arm-none-eabi/9.2.1/../../../arm-none-eabi/lib/thumb/v7e-m+fp/hard/libg_nano.a(lib_a-errno.o)
 .comment       0x00000000000000a7       0x4f /usr/lib/gcc/arm-none-eabi/9.2.1/../../../arm-none-eabi/lib/thumb/v7e-m+fp/hard/libg_nano.a(lib_a-putchar.o)
 .comment       0x00000000000000a7       0x4f /usr/lib/gcc/arm-none-eabi/9.2.1/../../../arm-none-eabi/lib/thumb/v7e-m+fp/hard/libg_nano.a(lib_a-puts.o)
 .comment       0x00000000000000a7       0x4f /usr/lib/gcc/arm-none-eabi/9.2.1/../../../arm-none-eabi/lib/thumb/v7e-m+fp/hard/libg_nano.a(lib_a-wbuf.o)
 .comment       0x00000000000000a7       0x4f /usr/lib/gcc/arm-none-eabi/9.2.1/../../../arm-none-eabi/lib/thumb/v7e-m+fp/hard/libg_nano.a(lib_a-wsetup.o)
 .comment       0x00000000000000a7       0x4f /usr/lib/gcc/arm-none-eabi/9.2.1/../../../arm-none-eabi/lib/thumb/v7e-m+fp/hard/libg_nano.a(lib_a-fflush.o)
 .comment       0x00000000000000a7       0x4f /usr/lib/gcc/arm-none-eabi/9.2.1/../../../arm-none-eabi/lib/thumb/v7e-m+fp/hard/libg_nano.a(lib_a-findfp.o)
 .comment       0x00000000000000a7       0x4f /usr/lib/gcc/arm-none-eabi/9.2.1/../../../arm-none-eabi/lib/thumb/v7e-m+fp/hard/libg_nano.a(lib_a-fwalk.o)
 .comment       0x00000000000000a7       0x4f /usr/lib/gcc/arm-none-eabi/9.2.1/../../../arm-none-eabi/lib/thumb/v7e-m+fp/hard/libg_nano.a(lib_a-makebuf.o)
 .comment       0x00000000000000a7       0x4f /usr/lib/gcc/arm-none-eabi/9.2.1/../../../arm-none-eabi/lib/thumb/v7e-m+fp/hard/libg_nano.a(lib_a-nano-freer.o)
 .comment       0x00000000000000a7       0x4f /usr/lib/gcc/arm-none-eabi/9.2.1/../../../arm-none-eabi/lib/thumb/v7e-m+fp/hard/libg_nano.a(lib_a-nano-mallocr.o)
 .comment       0x00000000000000a7       0x4f /usr/lib/gcc/arm-none-eabi/9.2.1/../../../arm-none-eabi/lib/thumb/v7e-m+fp/hard/libg_nano.a(lib_a-putc.o)
 .comment       0x00000000000000a7       0x4f /usr/lib/gcc/arm-none-eabi/9.2.1/../../../arm-none-eabi/lib/thumb/v7e-m+fp/hard/libg_nano.a(lib_a-sbrkr.o)
 .comment       0x00000000000000a7       0x4f /usr/lib/gcc/arm-none-eabi/9.2.1/../../../arm-none-eabi/lib/thumb/v7e-m+fp/hard/libg_nano.a(lib_a-stdio.o)
 .comment       0x00000000000000a7       0x4f /usr/lib/gcc/arm-none-eabi/9.2.1/../../../arm-none-eabi/lib/thumb/v7e-m+fp/hard/libg_nano.a(lib_a-writer.o)
 .comment       0x00000000000000a7       0x4f /usr/lib/gcc/arm-none-eabi/9.2.1/../../../arm-none-eabi/lib/thumb/v7e-m+fp/hard/libg_nano.a(lib_a-closer.o)
 .comment       0x00000000000000a7       0x4f /usr/lib/gcc/arm-none-eabi/9.2.1/../../../arm-none-eabi/lib/thumb/v7e-m+fp/hard/libg_nano.a(lib_a-fstatr.o)
 .comment       0x00000000000000a7       0x4f /usr/lib/gcc/arm-none-eabi/9.2.1/../../../arm-none-eabi/lib/thumb/v7e-m+fp/hard/libg_nano.a(lib_a-isattyr.o)
 .comment       0x00000000000000a7       0x4f /usr/lib/gcc/arm-none-eabi/9.2.1/../../../arm-none-eabi/lib/thumb/v7e-m+fp/hard/libg_nano.a(lib_a-lseekr.o)
 .comment       0x00000000000000a7       0x4f /usr/lib/gcc/arm-none-eabi/9.2.1/../../../arm-none-eabi/lib/thumb/v7e-m+fp/hard/libg_nano.a(lib_a-mlock.o)
 .comment       0x00000000000000a7       0x4f /usr/lib/gcc/arm-none-eabi/9.2.1/../../../arm-none-eabi/lib/thumb/v7e-m+fp/hard/libg_nano.a(lib_a-readr.o)
 .comment       0x00000000000000a7       0x4f /usr/lib/gcc/arm-none-eabi/9.2.1/../../../arm-none-eabi/lib/thumb/v7e-m+fp/hard/libg_nano.a(lib_a-reent.o)
 .comment       0x00000000000000a7       0x5a /usr/lib/gcc/arm-none-eabi/9.2.1/thumb/v7e-m+fp/hard/crtend.o

.debug_info     0x0000000000000000    0x22e7e
 .debug_info    0x0000000000000000      0x92a /usr/lib/gcc/arm-none-eabi/9.2.1/../../../arm-none-eabi/lib/thumb/v7e-m+fp/hard/libc_nano.a(lib_a-impure.o)
 .debug_info    0x000000000000092a      0x11a /usr/lib/gcc/arm-none-eabi/9.2.1/../../../arm-none-eabi/lib/thumb/v7e-m+fp/hard/libc_nano.a(lib_a-init.o)
 .debug_info    0x0000000000000a44      0xf21 /usr/lib/gcc/arm-none-eabi/9.2.1/../../../arm-none-eabi/lib/thumb/v7e-m+fp/hard/libc_nano.a(lib_a-memset.o)
 .debug_info    0x0000000000001965     0x2250 /tmp/cc73nSx5.o
 .debug_info    0x0000000000003bb5     0x107d /tmp/cc1FwrS2.o
 .debug_info    0x0000000000004c32      0x1f9 /tmp/ccWderB2.o
 .debug_info    0x0000000000004e2b     0x1790 /tmp/ccYKabV4.o
 .debug_info    0x00000000000065bb      0x9c2 /tmp/cc9iMHk6.o
 .debug_info    0x0000000000006f7d      0x425 /tmp/cc1gjJx4.o
 .debug_info    0x00000000000073a2      0x90d /tmp/ccETNDh5.o
 .debug_info    0x0000000000007caf      0xc08 /tmp/ccpgqGO4.o
 .debug_info    0x00000000000088b7     0x1ec5 /tmp/cc9FHyY3.o
 .debug_info    0x000000000000a77c     0x1080 /tmp/cctCUsp3.o
 .debug_info    0x000000000000b7fc      0x98c /tmp/ccPxZMb3.o
 .debug_info    0x000000000000c188      0xc77 /tmp/ccyXcMw2.o
 .debug_info    0x000000000000cdff      0x973 /tmp/ccMRN541.o
 .debug_info    0x000000000000d772      0x75f /tmp/ccoN7oA4.o
 .debug_info    0x000000000000ded1     0x1699 /tmp/ccwASb53.o
 .debug_info    0x000000000000f56a      0x8f2 /tmp/ccZFCEf2.o
 .debug_info    0x000000000000fe5c     0x1f9b /tmp/ccmgwjy2.o
 .debug_info    0x0000000000011df7      0xa26 /tmp/ccBLbvg6.o
 .debug_info    0x000000000001281d       0x22 /tmp/ccbInsa5.o
 .debug_info    0x000000000001283f       0x26 /usr/lib/gcc/arm-none-eabi/9.2.1/thumb/v7e-m+fp/hard/libgcc.a(_arm_addsubdf3.o)
 .debug_info    0x0000000000012865       0x26 /usr/lib/gcc/arm-none-eabi/9.2.1/thumb/v7e-m+fp/hard/libgcc.a(_arm_truncdfsf2.o)
 .debug_info    0x000000000001288b      0x953 /usr/lib/gcc/arm-none-eabi/9.2.1/../../../arm-none-eabi/lib/thumb/v7e-m+fp/hard/libg_nano.a(lib_a-errno.o)
 .debug_info    0x00000000000131de      0xbf0 /usr/lib/gcc/arm-none-eabi/9.2.1/../../../arm-none-eabi/lib/thumb/v7e-m+fp/hard/libg_nano.a(lib_a-putchar.o)
 .debug_info    0x0000000000013dce      0xd13 /usr/lib/gcc/arm-none-eabi/9.2.1/../../../arm-none-eabi/lib/thumb/v7e-m+fp/hard/libg_nano.a(lib_a-puts.o)
 .debug_info    0x0000000000014ae1      0xc90 /usr/lib/gcc/arm-none-eabi/9.2.1/../../../arm-none-eabi/lib/thumb/v7e-m+fp/hard/libg_nano.a(lib_a-wbuf.o)
 .debug_info    0x0000000000015771      0xbfa /usr/lib/gcc/arm-none-eabi/9.2.1/../../../arm-none-eabi/lib/thumb/v7e-m+fp/hard/libg_nano.a(lib_a-wsetup.o)
 .debug_info    0x000000000001636b      0xd73 /usr/lib/gcc/arm-none-eabi/9.2.1/../../../arm-none-eabi/lib/thumb/v7e-m+fp/hard/libg_nano.a(lib_a-fflush.o)
 .debug_info    0x00000000000170de     0x11a8 /usr/lib/gcc/arm-none-eabi/9.2.1/../../../arm-none-eabi/lib/thumb/v7e-m+fp/hard/libg_nano.a(lib_a-findfp.o)
 .debug_info    0x0000000000018286      0xca4 /usr/lib/gcc/arm-none-eabi/9.2.1/../../../arm-none-eabi/lib/thumb/v7e-m+fp/hard/libg_nano.a(lib_a-fwalk.o)
 .debug_info    0x0000000000018f2a      0xf68 /usr/lib/gcc/arm-none-eabi/9.2.1/../../../arm-none-eabi/lib/thumb/v7e-m+fp/hard/libg_nano.a(lib_a-makebuf.o)
 .debug_info    0x0000000000019e92      0xb85 /usr/lib/gcc/arm-none-eabi/9.2.1/../../../arm-none-eabi/lib/thumb/v7e-m+fp/hard/libg_nano.a(lib_a-nano-freer.o)
 .debug_info    0x000000000001aa17      0xc5a /usr/lib/gcc/arm-none-eabi/9.2.1/../../../arm-none-eabi/lib/thumb/v7e-m+fp/hard/libg_nano.a(lib_a-nano-mallocr.o)
 .debug_info    0x000000000001b671      0xd09 /usr/lib/gcc/arm-none-eabi/9.2.1/../../../arm-none-eabi/lib/thumb/v7e-m+fp/hard/libg_nano.a(lib_a-putc.o)
 .debug_info    0x000000000001c37a      0x9fb /usr/lib/gcc/arm-none-eabi/9.2.1/../../../arm-none-eabi/lib/thumb/v7e-m+fp/hard/libg_nano.a(lib_a-sbrkr.o)
 .debug_info    0x000000000001cd75      0xe67 /usr/lib/gcc/arm-none-eabi/9.2.1/../../../arm-none-eabi/lib/thumb/v7e-m+fp/hard/libg_nano.a(lib_a-stdio.o)
 .debug_info    0x000000000001dbdc      0xa2c /usr/lib/gcc/arm-none-eabi/9.2.1/../../../arm-none-eabi/lib/thumb/v7e-m+fp/hard/libg_nano.a(lib_a-writer.o)
 .debug_info    0x000000000001e608      0x9d8 /usr/lib/gcc/arm-none-eabi/9.2.1/../../../arm-none-eabi/lib/thumb/v7e-m+fp/hard/libg_nano.a(lib_a-closer.o)
 .debug_info    0x000000000001efe0      0xc24 /usr/lib/gcc/arm-none-eabi/9.2.1/../../../arm-none-eabi/lib/thumb/v7e-m+fp/hard/libg_nano.a(lib_a-fstatr.o)
 .debug_info    0x000000000001fc04      0x9d8 /usr/lib/gcc/arm-none-eabi/9.2.1/../../../arm-none-eabi/lib/thumb/v7e-m+fp/hard/libg_nano.a(lib_a-isattyr.o)
 .debug_info    0x00000000000205dc      0xa0d /usr/lib/gcc/arm-none-eabi/9.2.1/../../../arm-none-eabi/lib/thumb/v7e-m+fp/hard/libg_nano.a(lib_a-lseekr.o)
 .debug_info    0x0000000000020fe9      0x961 /usr/lib/gcc/arm-none-eabi/9.2.1/../../../arm-none-eabi/lib/thumb/v7e-m+fp/hard/libg_nano.a(lib_a-mlock.o)
 .debug_info    0x000000000002194a      0xa25 /usr/lib/gcc/arm-none-eabi/9.2.1/../../../arm-none-eabi/lib/thumb/v7e-m+fp/hard/libg_nano.a(lib_a-readr.o)
 .debug_info    0x000000000002236f      0xb0f /usr/lib/gcc/arm-none-eabi/9.2.1/../../../arm-none-eabi/lib/thumb/v7e-m+fp/hard/libg_nano.a(lib_a-reent.o)

.debug_abbrev   0x0000000000000000     0x66f5
 .debug_abbrev  0x0000000000000000      0x17a /usr/lib/gcc/arm-none-eabi/9.2.1/../../../arm-none-eabi/lib/thumb/v7e-m+fp/hard/libc_nano.a(lib_a-impure.o)
 .debug_abbrev  0x000000000000017a       0xcc /usr/lib/gcc/arm-none-eabi/9.2.1/../../../arm-none-eabi/lib/thumb/v7e-m+fp/hard/libc_nano.a(lib_a-init.o)
 .debug_abbrev  0x0000000000000246      0x1d9 /usr/lib/gcc/arm-none-eabi/9.2.1/../../../arm-none-eabi/lib/thumb/v7e-m+fp/hard/libc_nano.a(lib_a-memset.o)
 .debug_abbrev  0x000000000000041f      0x3bf /tmp/cc73nSx5.o
 .debug_abbrev  0x00000000000007de      0x1db /tmp/cc1FwrS2.o
 .debug_abbrev  0x00000000000009b9      0x126 /tmp/ccWderB2.o
 .debug_abbrev  0x0000000000000adf      0x356 /tmp/ccYKabV4.o
 .debug_abbrev  0x0000000000000e35      0x217 /tmp/cc9iMHk6.o
 .debug_abbrev  0x000000000000104c      0x12c /tmp/cc1gjJx4.o
 .debug_abbrev  0x0000000000001178      0x27b /tmp/ccETNDh5.o
 .debug_abbrev  0x00000000000013f3      0x21a /tmp/ccpgqGO4.o
 .debug_abbrev  0x000000000000160d      0x3a0 /tmp/cc9FHyY3.o
 .debug_abbrev  0x00000000000019ad      0x386 /tmp/cctCUsp3.o
 .debug_abbrev  0x0000000000001d33      0x21f /tmp/ccPxZMb3.o
 .debug_abbrev  0x0000000000001f52      0x2eb /tmp/ccyXcMw2.o
 .debug_abbrev  0x000000000000223d      0x280 /tmp/ccMRN541.o
 .debug_abbrev  0x00000000000024bd      0x211 /tmp/ccoN7oA4.o
 .debug_abbrev  0x00000000000026ce      0x347 /tmp/ccwASb53.o
 .debug_abbrev  0x0000000000002a15      0x2cc /tmp/ccZFCEf2.o
 .debug_abbrev  0x0000000000002ce1      0x388 /tmp/ccmgwjy2.o
 .debug_abbrev  0x0000000000003069      0x292 /tmp/ccBLbvg6.o
 .debug_abbrev  0x00000000000032fb       0x12 /tmp/ccbInsa5.o
 .debug_abbrev  0x000000000000330d       0x14 /usr/lib/gcc/arm-none-eabi/9.2.1/thumb/v7e-m+fp/hard/libgcc.a(_arm_addsubdf3.o)
 .debug_abbrev  0x0000000000003321       0x14 /usr/lib/gcc/arm-none-eabi/9.2.1/thumb/v7e-m+fp/hard/libgcc.a(_arm_truncdfsf2.o)
 .debug_abbrev  0x0000000000003335      0x198 /usr/lib/gcc/arm-none-eabi/9.2.1/../../../arm-none-eabi/lib/thumb/v7e-m+fp/hard/libg_nano.a(lib_a-errno.o)
 .debug_abbrev  0x00000000000034cd      0x268 /usr/lib/gcc/arm-none-eabi/9.2.1/../../../arm-none-eabi/lib/thumb/v7e-m+fp/hard/libg_nano.a(lib_a-putchar.o)
 .debug_abbrev  0x0000000000003735      0x2de /usr/lib/gcc/arm-none-eabi/9.2.1/../../../arm-none-eabi/lib/thumb/v7e-m+fp/hard/libg_nano.a(lib_a-puts.o)
 .debug_abbrev  0x0000000000003a13      0x285 /usr/lib/gcc/arm-none-eabi/9.2.1/../../../arm-none-eabi/lib/thumb/v7e-m+fp/hard/libg_nano.a(lib_a-wbuf.o)
 .debug_abbrev  0x0000000000003c98      0x23a /usr/lib/gcc/arm-none-eabi/9.2.1/../../../arm-none-eabi/lib/thumb/v7e-m+fp/hard/libg_nano.a(lib_a-wsetup.o)
 .debug_abbrev  0x0000000000003ed2      0x2e4 /usr/lib/gcc/arm-none-eabi/9.2.1/../../../arm-none-eabi/lib/thumb/v7e-m+fp/hard/libg_nano.a(lib_a-fflush.o)
 .debug_abbrev  0x00000000000041b6      0x3dc /usr/lib/gcc/arm-none-eabi/9.2.1/../../../arm-none-eabi/lib/thumb/v7e-m+fp/hard/libg_nano.a(lib_a-findfp.o)
 .debug_abbrev  0x0000000000004592      0x210 /usr/lib/gcc/arm-none-eabi/9.2.1/../../../arm-none-eabi/lib/thumb/v7e-m+fp/hard/libg_nano.a(lib_a-fwalk.o)
 .debug_abbrev  0x00000000000047a2      0x2f6 /usr/lib/gcc/arm-none-eabi/9.2.1/../../../arm-none-eabi/lib/thumb/v7e-m+fp/hard/libg_nano.a(lib_a-makebuf.o)
 .debug_abbrev  0x0000000000004a98      0x286 /usr/lib/gcc/arm-none-eabi/9.2.1/../../../arm-none-eabi/lib/thumb/v7e-m+fp/hard/libg_nano.a(lib_a-nano-freer.o)
 .debug_abbrev  0x0000000000004d1e      0x2d1 /usr/lib/gcc/arm-none-eabi/9.2.1/../../../arm-none-eabi/lib/thumb/v7e-m+fp/hard/libg_nano.a(lib_a-nano-mallocr.o)
 .debug_abbrev  0x0000000000004fef      0x2c1 /usr/lib/gcc/arm-none-eabi/9.2.1/../../../arm-none-eabi/lib/thumb/v7e-m+fp/hard/libg_nano.a(lib_a-putc.o)
 .debug_abbrev  0x00000000000052b0      0x212 /usr/lib/gcc/arm-none-eabi/9.2.1/../../../arm-none-eabi/lib/thumb/v7e-m+fp/hard/libg_nano.a(lib_a-sbrkr.o)
 .debug_abbrev  0x00000000000054c2      0x26f /usr/lib/gcc/arm-none-eabi/9.2.1/../../../arm-none-eabi/lib/thumb/v7e-m+fp/hard/libg_nano.a(lib_a-stdio.o)
 .debug_abbrev  0x0000000000005731      0x1ec /usr/lib/gcc/arm-none-eabi/9.2.1/../../../arm-none-eabi/lib/thumb/v7e-m+fp/hard/libg_nano.a(lib_a-writer.o)
 .debug_abbrev  0x000000000000591d      0x1e7 /usr/lib/gcc/arm-none-eabi/9.2.1/../../../arm-none-eabi/lib/thumb/v7e-m+fp/hard/libg_nano.a(lib_a-closer.o)
 .debug_abbrev  0x0000000000005b04      0x1fb /usr/lib/gcc/arm-none-eabi/9.2.1/../../../arm-none-eabi/lib/thumb/v7e-m+fp/hard/libg_nano.a(lib_a-fstatr.o)
 .debug_abbrev  0x0000000000005cff      0x1e7 /usr/lib/gcc/arm-none-eabi/9.2.1/../../../arm-none-eabi/lib/thumb/v7e-m+fp/hard/libg_nano.a(lib_a-isattyr.o)
 .debug_abbrev  0x0000000000005ee6      0x1fb /usr/lib/gcc/arm-none-eabi/9.2.1/../../../arm-none-eabi/lib/thumb/v7e-m+fp/hard/libg_nano.a(lib_a-lseekr.o)
 .debug_abbrev  0x00000000000060e1      0x1c5 /usr/lib/gcc/arm-none-eabi/9.2.1/../../../arm-none-eabi/lib/thumb/v7e-m+fp/hard/libg_nano.a(lib_a-mlock.o)
 .debug_abbrev  0x00000000000062a6      0x1e7 /usr/lib/gcc/arm-none-eabi/9.2.1/../../../arm-none-eabi/lib/thumb/v7e-m+fp/hard/libg_nano.a(lib_a-readr.o)
 .debug_abbrev  0x000000000000648d      0x268 /usr/lib/gcc/arm-none-eabi/9.2.1/../../../arm-none-eabi/lib/thumb/v7e-m+fp/hard/libg_nano.a(lib_a-reent.o)

.debug_aranges  0x0000000000000000      0x5c8
 .debug_aranges
                0x0000000000000000       0x18 /usr/lib/gcc/arm-none-eabi/9.2.1/../../../arm-none-eabi/lib/thumb/v7e-m+fp/hard/libc_nano.a(lib_a-impure.o)
 .debug_aranges
                0x0000000000000018       0x20 /usr/lib/gcc/arm-none-eabi/9.2.1/../../../arm-none-eabi/lib/thumb/v7e-m+fp/hard/libc_nano.a(lib_a-init.o)
 .debug_aranges
                0x0000000000000038       0x20 /usr/lib/gcc/arm-none-eabi/9.2.1/../../../arm-none-eabi/lib/thumb/v7e-m+fp/hard/libc_nano.a(lib_a-memset.o)
 .debug_aranges
                0x0000000000000058       0x28 /tmp/cc73nSx5.o
 .debug_aranges
                0x0000000000000080       0x20 /tmp/cc1FwrS2.o
 .debug_aranges
                0x00000000000000a0       0x20 /tmp/ccWderB2.o
 .debug_aranges
                0x00000000000000c0       0x20 /tmp/ccYKabV4.o
 .debug_aranges
                0x00000000000000e0       0x20 /tmp/cc9iMHk6.o
 .debug_aranges
                0x0000000000000100       0x20 /tmp/cc1gjJx4.o
 .debug_aranges
                0x0000000000000120       0x20 /tmp/ccETNDh5.o
 .debug_aranges
                0x0000000000000140       0x20 /tmp/ccpgqGO4.o
 .debug_aranges
                0x0000000000000160       0x20 /tmp/cc9FHyY3.o
 .debug_aranges
                0x0000000000000180       0x20 /tmp/cctCUsp3.o
 .debug_aranges
                0x00000000000001a0       0x20 /tmp/ccPxZMb3.o
 .debug_aranges
                0x00000000000001c0       0x20 /tmp/ccyXcMw2.o
 .debug_aranges
                0x00000000000001e0       0x20 /tmp/ccMRN541.o
 .debug_aranges
                0x0000000000000200       0x20 /tmp/ccoN7oA4.o
 .debug_aranges
                0x0000000000000220       0x20 /tmp/ccwASb53.o
 .debug_aranges
                0x0000000000000240       0x20 /tmp/ccZFCEf2.o
 .debug_aranges
                0x0000000000000260       0x20 /tmp/ccmgwjy2.o
 .debug_aranges
                0x0000000000000280       0x20 /tmp/ccBLbvg6.o
 .debug_aranges
                0x00000000000002a0       0x28 /tmp/ccbInsa5.o
 .debug_aranges
                0x00000000000002c8       0x20 /usr/lib/gcc/arm-none-eabi/9.2.1/thumb/v7e-m+fp/hard/libgcc.a(_arm_addsubdf3.o)
 .debug_aranges
                0x00000000000002e8       0x20 /usr/lib/gcc/arm-none-eabi/9.2.1/thumb/v7e-m+fp/hard/libgcc.a(_arm_truncdfsf2.o)
 .debug_aranges
                0x0000000000000308       0x20 /usr/lib/gcc/arm-none-eabi/9.2.1/../../../arm-none-eabi/lib/thumb/v7e-m+fp/hard/libg_nano.a(lib_a-errno.o)
 .debug_aranges
                0x0000000000000328       0x20 /usr/lib/gcc/arm-none-eabi/9.2.1/../../../arm-none-eabi/lib/thumb/v7e-m+fp/hard/libg_nano.a(lib_a-putchar.o)
 .debug_aranges
                0x0000000000000348       0x20 /usr/lib/gcc/arm-none-eabi/9.2.1/../../../arm-none-eabi/lib/thumb/v7e-m+fp/hard/libg_nano.a(lib_a-puts.o)
 .debug_aranges
                0x0000000000000368       0x20 /usr/lib/gcc/arm-none-eabi/9.2.1/../../../arm-none-eabi/lib/thumb/v7e-m+fp/hard/libg_nano.a(lib_a-wbuf.o)
 .debug_aranges
                0x0000000000000388       0x20 /usr/lib/gcc/arm-none-eabi/9.2.1/../../../arm-none-eabi/lib/thumb/v7e-m+fp/hard/libg_nano.a(lib_a-wsetup.o)
 .debug_aranges
                0x00000000000003a8       0x20 /usr/lib/gcc/arm-none-eabi/9.2.1/../../../arm-none-eabi/lib/thumb/v7e-m+fp/hard/libg_nano.a(lib_a-fflush.o)
 .debug_aranges
                0x00000000000003c8       0x20 /usr/lib/gcc/arm-none-eabi/9.2.1/../../../arm-none-eabi/lib/thumb/v7e-m+fp/hard/libg_nano.a(lib_a-findfp.o)
 .debug_aranges
                0x00000000000003e8       0x20 /usr/lib/gcc/arm-none-eabi/9.2.1/../../../arm-none-eabi/lib/thumb/v7e-m+fp/hard/libg_nano.a(lib_a-fwalk.o)
 .debug_aranges
                0x0000000000000408       0x20 /usr/lib/gcc/arm-none-eabi/9.2.1/../../../arm-none-eabi/lib/thumb/v7e-m+fp/hard/libg_nano.a(lib_a-makebuf.o)
 .debug_aranges
                0x0000000000000428       0x20 /usr/lib/gcc/arm-none-eabi/9.2.1/../../../arm-none-eabi/lib/thumb/v7e-m+fp/hard/libg_nano.a(lib_a-nano-freer.o)
 .debug_aranges
                0x0000000000000448       0x20 /usr/lib/gcc/arm-none-eabi/9.2.1/../../../arm-none-eabi/lib/thumb/v7e-m+fp/hard/libg_nano.a(lib_a-nano-mallocr.o)
 .debug_aranges
                0x0000000000000468       0x20 /usr/lib/gcc/arm-none-eabi/9.2.1/../../../arm-none-eabi/lib/thumb/v7e-m+fp/hard/libg_nano.a(lib_a-putc.o)
 .debug_aranges
                0x0000000000000488       0x20 /usr/lib/gcc/arm-none-eabi/9.2.1/../../../arm-none-eabi/lib/thumb/v7e-m+fp/hard/libg_nano.a(lib_a-sbrkr.o)
 .debug_aranges
                0x00000000000004a8       0x20 /usr/lib/gcc/arm-none-eabi/9.2.1/../../../arm-none-eabi/lib/thumb/v7e-m+fp/hard/libg_nano.a(lib_a-stdio.o)
 .debug_aranges
                0x00000000000004c8       0x20 /usr/lib/gcc/arm-none-eabi/9.2.1/../../../arm-none-eabi/lib/thumb/v7e-m+fp/hard/libg_nano.a(lib_a-writer.o)
 .debug_aranges
                0x00000000000004e8       0x20 /usr/lib/gcc/arm-none-eabi/9.2.1/../../../arm-none-eabi/lib/thumb/v7e-m+fp/hard/libg_nano.a(lib_a-closer.o)
 .debug_aranges
                0x0000000000000508       0x20 /usr/lib/gcc/arm-none-eabi/9.2.1/../../../arm-none-eabi/lib/thumb/v7e-m+fp/hard/libg_nano.a(lib_a-fstatr.o)
 .debug_aranges
                0x0000000000000528       0x20 /usr/lib/gcc/arm-none-eabi/9.2.1/../../../arm-none-eabi/lib/thumb/v7e-m+fp/hard/libg_nano.a(lib_a-isattyr.o)
 .debug_aranges
                0x0000000000000548       0x20 /usr/lib/gcc/arm-none-eabi/9.2.1/../../../arm-none-eabi/lib/thumb/v7e-m+fp/hard/libg_nano.a(lib_a-lseekr.o)
 .debug_aranges
                0x0000000000000568       0x20 /usr/lib/gcc/arm-none-eabi/9.2.1/../../../arm-none-eabi/lib/thumb/v7e-m+fp/hard/libg_nano.a(lib_a-mlock.o)
 .debug_aranges
                0x0000000000000588       0x20 /usr/lib/gcc/arm-none-eabi/9.2.1/../../../arm-none-eabi/lib/thumb/v7e-m+fp/hard/libg_nano.a(lib_a-readr.o)
 .debug_aranges
                0x00000000000005a8       0x20 /usr/lib/gcc/arm-none-eabi/9.2.1/../../../arm-none-eabi/lib/thumb/v7e-m+fp/hard/libg_nano.a(lib_a-reent.o)

.debug_line     0x0000000000000000     0xf53b
 .debug_line    0x0000000000000000       0xe3 /usr/lib/gcc/arm-none-eabi/9.2.1/../../../arm-none-eabi/lib/thumb/v7e-m+fp/hard/libc_nano.a(lib_a-impure.o)
 .debug_line    0x00000000000000e3      0x10d /usr/lib/gcc/arm-none-eabi/9.2.1/../../../arm-none-eabi/lib/thumb/v7e-m+fp/hard/libc_nano.a(lib_a-init.o)
 .debug_line    0x00000000000001f0      0x26b /usr/lib/gcc/arm-none-eabi/9.2.1/../../../arm-none-eabi/lib/thumb/v7e-m+fp/hard/libc_nano.a(lib_a-memset.o)
 .debug_line    0x000000000000045b      0x81c /tmp/cc73nSx5.o
 .debug_line    0x0000000000000c77      0x44e /tmp/cc1FwrS2.o
 .debug_line    0x00000000000010c5      0x23b /tmp/ccWderB2.o
 .debug_line    0x0000000000001300      0x4f2 /tmp/ccYKabV4.o
 .debug_line    0x00000000000017f2      0x11d /tmp/cc9iMHk6.o
 .debug_line    0x000000000000190f      0x20b /tmp/cc1gjJx4.o
 .debug_line    0x0000000000001b1a      0x489 /tmp/ccETNDh5.o
 .debug_line    0x0000000000001fa3      0x30c /tmp/ccpgqGO4.o
 .debug_line    0x00000000000022af     0x2ca0 /tmp/cc9FHyY3.o
 .debug_line    0x0000000000004f4f      0x776 /tmp/cctCUsp3.o
 .debug_line    0x00000000000056c5      0x422 /tmp/ccPxZMb3.o
 .debug_line    0x0000000000005ae7      0x913 /tmp/ccyXcMw2.o
 .debug_line    0x00000000000063fa      0xb6a /tmp/ccMRN541.o
 .debug_line    0x0000000000006f64      0x74f /tmp/ccoN7oA4.o
 .debug_line    0x00000000000076b3     0x1443 /tmp/ccwASb53.o
 .debug_line    0x0000000000008af6      0xabe /tmp/ccZFCEf2.o
 .debug_line    0x00000000000095b4     0x22bd /tmp/ccmgwjy2.o
 .debug_line    0x000000000000b871      0x4f3 /tmp/ccBLbvg6.o
 .debug_line    0x000000000000bd64       0x75 /tmp/ccbInsa5.o
 .debug_line    0x000000000000bdd9      0x186 /usr/lib/gcc/arm-none-eabi/9.2.1/thumb/v7e-m+fp/hard/libgcc.a(_arm_addsubdf3.o)
 .debug_line    0x000000000000bf5f       0x8d /usr/lib/gcc/arm-none-eabi/9.2.1/thumb/v7e-m+fp/hard/libgcc.a(_arm_truncdfsf2.o)
 .debug_line    0x000000000000bfec      0x108 /usr/lib/gcc/arm-none-eabi/9.2.1/../../../arm-none-eabi/lib/thumb/v7e-m+fp/hard/libg_nano.a(lib_a-errno.o)
 .debug_line    0x000000000000c0f4      0x1ec /usr/lib/gcc/arm-none-eabi/9.2.1/../../../arm-none-eabi/lib/thumb/v7e-m+fp/hard/libg_nano.a(lib_a-putchar.o)
 .debug_line    0x000000000000c2e0      0x316 /usr/lib/gcc/arm-none-eabi/9.2.1/../../../arm-none-eabi/lib/thumb/v7e-m+fp/hard/libg_nano.a(lib_a-puts.o)
 .debug_line    0x000000000000c5f6      0x27c /usr/lib/gcc/arm-none-eabi/9.2.1/../../../arm-none-eabi/lib/thumb/v7e-m+fp/hard/libg_nano.a(lib_a-wbuf.o)
 .debug_line    0x000000000000c872      0x311 /usr/lib/gcc/arm-none-eabi/9.2.1/../../../arm-none-eabi/lib/thumb/v7e-m+fp/hard/libg_nano.a(lib_a-wsetup.o)
 .debug_line    0x000000000000cb83      0x418 /usr/lib/gcc/arm-none-eabi/9.2.1/../../../arm-none-eabi/lib/thumb/v7e-m+fp/hard/libg_nano.a(lib_a-fflush.o)
 .debug_line    0x000000000000cf9b      0x561 /usr/lib/gcc/arm-none-eabi/9.2.1/../../../arm-none-eabi/lib/thumb/v7e-m+fp/hard/libg_nano.a(lib_a-findfp.o)
 .debug_line    0x000000000000d4fc      0x289 /usr/lib/gcc/arm-none-eabi/9.2.1/../../../arm-none-eabi/lib/thumb/v7e-m+fp/hard/libg_nano.a(lib_a-fwalk.o)
 .debug_line    0x000000000000d785      0x36f /usr/lib/gcc/arm-none-eabi/9.2.1/../../../arm-none-eabi/lib/thumb/v7e-m+fp/hard/libg_nano.a(lib_a-makebuf.o)
 .debug_line    0x000000000000daf4      0x2af /usr/lib/gcc/arm-none-eabi/9.2.1/../../../arm-none-eabi/lib/thumb/v7e-m+fp/hard/libg_nano.a(lib_a-nano-freer.o)
 .debug_line    0x000000000000dda3      0x2f2 /usr/lib/gcc/arm-none-eabi/9.2.1/../../../arm-none-eabi/lib/thumb/v7e-m+fp/hard/libg_nano.a(lib_a-nano-mallocr.o)
 .debug_line    0x000000000000e095      0x364 /usr/lib/gcc/arm-none-eabi/9.2.1/../../../arm-none-eabi/lib/thumb/v7e-m+fp/hard/libg_nano.a(lib_a-putc.o)
 .debug_line    0x000000000000e3f9      0x182 /usr/lib/gcc/arm-none-eabi/9.2.1/../../../arm-none-eabi/lib/thumb/v7e-m+fp/hard/libg_nano.a(lib_a-sbrkr.o)
 .debug_line    0x000000000000e57b      0x25f /usr/lib/gcc/arm-none-eabi/9.2.1/../../../arm-none-eabi/lib/thumb/v7e-m+fp/hard/libg_nano.a(lib_a-stdio.o)
 .debug_line    0x000000000000e7da      0x188 /usr/lib/gcc/arm-none-eabi/9.2.1/../../../arm-none-eabi/lib/thumb/v7e-m+fp/hard/libg_nano.a(lib_a-writer.o)
 .debug_line    0x000000000000e962      0x182 /usr/lib/gcc/arm-none-eabi/9.2.1/../../../arm-none-eabi/lib/thumb/v7e-m+fp/hard/libg_nano.a(lib_a-closer.o)
 .debug_line    0x000000000000eae4      0x213 /usr/lib/gcc/arm-none-eabi/9.2.1/../../../arm-none-eabi/lib/thumb/v7e-m+fp/hard/libg_nano.a(lib_a-fstatr.o)
 .debug_line    0x000000000000ecf7      0x183 /usr/lib/gcc/arm-none-eabi/9.2.1/../../../arm-none-eabi/lib/thumb/v7e-m+fp/hard/libg_nano.a(lib_a-isattyr.o)
 .debug_line    0x000000000000ee7a      0x188 /usr/lib/gcc/arm-none-eabi/9.2.1/../../../arm-none-eabi/lib/thumb/v7e-m+fp/hard/libg_nano.a(lib_a-lseekr.o)
 .debug_line    0x000000000000f002      0x13d /usr/lib/gcc/arm-none-eabi/9.2.1/../../../arm-none-eabi/lib/thumb/v7e-m+fp/hard/libg_nano.a(lib_a-mlock.o)
 .debug_line    0x000000000000f13f      0x187 /usr/lib/gcc/arm-none-eabi/9.2.1/../../../arm-none-eabi/lib/thumb/v7e-m+fp/hard/libg_nano.a(lib_a-readr.o)
 .debug_line    0x000000000000f2c6      0x275 /usr/lib/gcc/arm-none-eabi/9.2.1/../../../arm-none-eabi/lib/thumb/v7e-m+fp/hard/libg_nano.a(lib_a-reent.o)

.debug_str      0x0000000000000000     0x4de7
 .debug_str     0x0000000000000000      0x52e /usr/lib/gcc/arm-none-eabi/9.2.1/../../../arm-none-eabi/lib/thumb/v7e-m+fp/hard/libc_nano.a(lib_a-impure.o)
                                        0x5e2 (size before relaxing)
 .debug_str     0x000000000000052e       0xf0 /usr/lib/gcc/arm-none-eabi/9.2.1/../../../arm-none-eabi/lib/thumb/v7e-m+fp/hard/libc_nano.a(lib_a-init.o)
                                        0x229 (size before relaxing)
 .debug_str     0x000000000000061e      0x31f /usr/lib/gcc/arm-none-eabi/9.2.1/../../../arm-none-eabi/lib/thumb/v7e-m+fp/hard/libc_nano.a(lib_a-memset.o)
                                        0x90f (size before relaxing)
 .debug_str     0x000000000000093d      0xe2a /tmp/cc73nSx5.o
                                       0x13df (size before relaxing)
 .debug_str     0x0000000000001767       0xaa /tmp/cc1FwrS2.o
                                        0xb25 (size before relaxing)
 .debug_str     0x0000000000001811       0xb2 /tmp/ccWderB2.o
                                        0x322 (size before relaxing)
 .debug_str     0x00000000000018c3      0x27f /tmp/ccYKabV4.o
                                        0xd4d (size before relaxing)
 .debug_str     0x0000000000001b42       0x31 /tmp/cc9iMHk6.o
                                        0x621 (size before relaxing)
 .debug_str     0x0000000000001b73       0xae /tmp/cc1gjJx4.o
                                        0x2fa (size before relaxing)
 .debug_str     0x0000000000001c21      0x707 /tmp/ccETNDh5.o
                                        0xa37 (size before relaxing)
 .debug_str     0x0000000000002328      0x23b /tmp/ccpgqGO4.o
                                        0x9df (size before relaxing)
 .debug_str     0x0000000000002563      0x616 /tmp/cc9FHyY3.o
                                       0x1003 (size before relaxing)
 .debug_str     0x0000000000002b79      0x47b /tmp/cctCUsp3.o
                                        0xc5e (size before relaxing)
 .debug_str     0x0000000000002ff4      0x199 /tmp/ccPxZMb3.o
                                        0x7f6 (size before relaxing)
 .debug_str     0x000000000000318d      0x1d9 /tmp/ccyXcMw2.o
                                        0x8ff (size before relaxing)
 .debug_str     0x0000000000003366      0x25d /tmp/ccMRN541.o
                                        0x73a (size before relaxing)
 .debug_str     0x00000000000035c3      0x162 /tmp/ccoN7oA4.o
                                        0x542 (size before relaxing)
 .debug_str     0x0000000000003725      0x218 /tmp/ccwASb53.o
                                        0x73b (size before relaxing)
 .debug_str     0x000000000000393d       0xf2 /tmp/ccZFCEf2.o
                                        0x629 (size before relaxing)
 .debug_str     0x0000000000003a2f      0x729 /tmp/ccmgwjy2.o
                                        0xf27 (size before relaxing)
 .debug_str     0x0000000000004158      0x183 /tmp/ccBLbvg6.o
                                        0x8b1 (size before relaxing)
 .debug_str     0x00000000000042db       0x24 /tmp/ccbInsa5.o
                                         0x5b (size before relaxing)
 .debug_str     0x00000000000042ff       0x9c /usr/lib/gcc/arm-none-eabi/9.2.1/thumb/v7e-m+fp/hard/libgcc.a(_arm_addsubdf3.o)
                                         0xa8 (size before relaxing)
 .debug_str     0x000000000000439b       0xa8 /usr/lib/gcc/arm-none-eabi/9.2.1/thumb/v7e-m+fp/hard/libgcc.a(_arm_truncdfsf2.o)
 .debug_str     0x000000000000439b       0x93 /usr/lib/gcc/arm-none-eabi/9.2.1/../../../arm-none-eabi/lib/thumb/v7e-m+fp/hard/libg_nano.a(lib_a-errno.o)
                                        0x5f4 (size before relaxing)
 .debug_str     0x000000000000442e      0x1c2 /usr/lib/gcc/arm-none-eabi/9.2.1/../../../arm-none-eabi/lib/thumb/v7e-m+fp/hard/libg_nano.a(lib_a-putchar.o)
                                        0x73b (size before relaxing)
 .debug_str     0x00000000000045f0       0x69 /usr/lib/gcc/arm-none-eabi/9.2.1/../../../arm-none-eabi/lib/thumb/v7e-m+fp/hard/libg_nano.a(lib_a-puts.o)
                                        0x765 (size before relaxing)
 .debug_str     0x0000000000004659       0x43 /usr/lib/gcc/arm-none-eabi/9.2.1/../../../arm-none-eabi/lib/thumb/v7e-m+fp/hard/libg_nano.a(lib_a-wbuf.o)
                                        0x76b (size before relaxing)
 .debug_str     0x000000000000469c       0x48 /usr/lib/gcc/arm-none-eabi/9.2.1/../../../arm-none-eabi/lib/thumb/v7e-m+fp/hard/libg_nano.a(lib_a-wsetup.o)
                                        0x766 (size before relaxing)
 .debug_str     0x00000000000046e4       0x63 /usr/lib/gcc/arm-none-eabi/9.2.1/../../../arm-none-eabi/lib/thumb/v7e-m+fp/hard/libg_nano.a(lib_a-fflush.o)
                                        0x794 (size before relaxing)
 .debug_str     0x0000000000004747      0x159 /usr/lib/gcc/arm-none-eabi/9.2.1/../../../arm-none-eabi/lib/thumb/v7e-m+fp/hard/libg_nano.a(lib_a-findfp.o)
                                        0x8a4 (size before relaxing)
 .debug_str     0x00000000000048a0       0x41 /usr/lib/gcc/arm-none-eabi/9.2.1/../../../arm-none-eabi/lib/thumb/v7e-m+fp/hard/libg_nano.a(lib_a-fwalk.o)
                                        0x758 (size before relaxing)
 .debug_str     0x00000000000048e1       0x6c /usr/lib/gcc/arm-none-eabi/9.2.1/../../../arm-none-eabi/lib/thumb/v7e-m+fp/hard/libg_nano.a(lib_a-makebuf.o)
                                        0x8d9 (size before relaxing)
 .debug_str     0x000000000000494d      0x182 /usr/lib/gcc/arm-none-eabi/9.2.1/../../../arm-none-eabi/lib/thumb/v7e-m+fp/hard/libg_nano.a(lib_a-nano-freer.o)
                                        0x712 (size before relaxing)
 .debug_str     0x0000000000004acf       0x32 /usr/lib/gcc/arm-none-eabi/9.2.1/../../../arm-none-eabi/lib/thumb/v7e-m+fp/hard/libg_nano.a(lib_a-nano-mallocr.o)
                                        0x729 (size before relaxing)
 .debug_str     0x0000000000004b01       0x36 /usr/lib/gcc/arm-none-eabi/9.2.1/../../../arm-none-eabi/lib/thumb/v7e-m+fp/hard/libg_nano.a(lib_a-putc.o)
                                        0x75f (size before relaxing)
 .debug_str     0x0000000000004b37       0x3c /usr/lib/gcc/arm-none-eabi/9.2.1/../../../arm-none-eabi/lib/thumb/v7e-m+fp/hard/libg_nano.a(lib_a-sbrkr.o)
                                        0x625 (size before relaxing)
 .debug_str     0x0000000000004b73       0x92 /usr/lib/gcc/arm-none-eabi/9.2.1/../../../arm-none-eabi/lib/thumb/v7e-m+fp/hard/libg_nano.a(lib_a-stdio.o)
                                        0x7ac (size before relaxing)
 .debug_str     0x0000000000004c05       0x33 /usr/lib/gcc/arm-none-eabi/9.2.1/../../../arm-none-eabi/lib/thumb/v7e-m+fp/hard/libg_nano.a(lib_a-writer.o)
                                        0x622 (size before relaxing)
 .debug_str     0x0000000000004c38       0x33 /usr/lib/gcc/arm-none-eabi/9.2.1/../../../arm-none-eabi/lib/thumb/v7e-m+fp/hard/libg_nano.a(lib_a-closer.o)
                                        0x612 (size before relaxing)
 .debug_str     0x0000000000004c6b       0x39 /usr/lib/gcc/arm-none-eabi/9.2.1/../../../arm-none-eabi/lib/thumb/v7e-m+fp/hard/libg_nano.a(lib_a-fstatr.o)
                                        0x780 (size before relaxing)
 .debug_str     0x0000000000004ca4       0x34 /usr/lib/gcc/arm-none-eabi/9.2.1/../../../arm-none-eabi/lib/thumb/v7e-m+fp/hard/libg_nano.a(lib_a-isattyr.o)
                                        0x61c (size before relaxing)
 .debug_str     0x0000000000004cd8       0x33 /usr/lib/gcc/arm-none-eabi/9.2.1/../../../arm-none-eabi/lib/thumb/v7e-m+fp/hard/libg_nano.a(lib_a-lseekr.o)
                                        0x620 (size before relaxing)
 .debug_str     0x0000000000004d0b       0x4c /usr/lib/gcc/arm-none-eabi/9.2.1/../../../arm-none-eabi/lib/thumb/v7e-m+fp/hard/libg_nano.a(lib_a-mlock.o)
                                        0x60e (size before relaxing)
 .debug_str     0x0000000000004d57       0x32 /usr/lib/gcc/arm-none-eabi/9.2.1/../../../arm-none-eabi/lib/thumb/v7e-m+fp/hard/libg_nano.a(lib_a-readr.o)
                                        0x620 (size before relaxing)
 .debug_str     0x0000000000004d89       0x5e /usr/lib/gcc/arm-none-eabi/9.2.1/../../../arm-none-eabi/lib/thumb/v7e-m+fp/hard/libg_nano.a(lib_a-reent.o)
                                        0x61e (size before relaxing)

.debug_loc      0x0000000000000000     0xb10e
 .debug_loc     0x0000000000000000       0xba /usr/lib/gcc/arm-none-eabi/9.2.1/../../../arm-none-eabi/lib/thumb/v7e-m+fp/hard/libc_nano.a(lib_a-init.o)
 .debug_loc     0x00000000000000ba      0x231 /usr/lib/gcc/arm-none-eabi/9.2.1/../../../arm-none-eabi/lib/thumb/v7e-m+fp/hard/libc_nano.a(lib_a-memset.o)
 .debug_loc     0x00000000000002eb      0x45a /tmp/cc73nSx5.o
 .debug_loc     0x0000000000000745       0xde /tmp/cc1FwrS2.o
 .debug_loc     0x0000000000000823      0x3d5 /tmp/ccYKabV4.o
 .debug_loc     0x0000000000000bf8       0x79 /tmp/cc9iMHk6.o
 .debug_loc     0x0000000000000c71      0x12b /tmp/cc1gjJx4.o
 .debug_loc     0x0000000000000d9c      0x157 /tmp/ccETNDh5.o
 .debug_loc     0x0000000000000ef3      0x128 /tmp/ccpgqGO4.o
 .debug_loc     0x000000000000101b     0x22f7 /tmp/cc9FHyY3.o
 .debug_loc     0x0000000000003312      0x7a7 /tmp/cctCUsp3.o
 .debug_loc     0x0000000000003ab9      0x284 /tmp/ccPxZMb3.o
 .debug_loc     0x0000000000003d3d      0x947 /tmp/ccyXcMw2.o
 .debug_loc     0x0000000000004684      0x8bf /tmp/ccMRN541.o
 .debug_loc     0x0000000000004f43      0x3df /tmp/ccoN7oA4.o
 .debug_loc     0x0000000000005322      0xdab /tmp/ccwASb53.o
 .debug_loc     0x00000000000060cd      0xa6e /tmp/ccZFCEf2.o
 .debug_loc     0x0000000000006b3b     0x1c93 /tmp/ccmgwjy2.o
 .debug_loc     0x00000000000087ce      0x3e6 /tmp/ccBLbvg6.o
 .debug_loc     0x0000000000008bb4      0x13e /usr/lib/gcc/arm-none-eabi/9.2.1/../../../arm-none-eabi/lib/thumb/v7e-m+fp/hard/libg_nano.a(lib_a-putchar.o)
 .debug_loc     0x0000000000008cf2      0x32d /usr/lib/gcc/arm-none-eabi/9.2.1/../../../arm-none-eabi/lib/thumb/v7e-m+fp/hard/libg_nano.a(lib_a-puts.o)
 .debug_loc     0x000000000000901f      0x193 /usr/lib/gcc/arm-none-eabi/9.2.1/../../../arm-none-eabi/lib/thumb/v7e-m+fp/hard/libg_nano.a(lib_a-wbuf.o)
 .debug_loc     0x00000000000091b2       0xb7 /usr/lib/gcc/arm-none-eabi/9.2.1/../../../arm-none-eabi/lib/thumb/v7e-m+fp/hard/libg_nano.a(lib_a-wsetup.o)
 .debug_loc     0x0000000000009269      0x3f5 /usr/lib/gcc/arm-none-eabi/9.2.1/../../../arm-none-eabi/lib/thumb/v7e-m+fp/hard/libg_nano.a(lib_a-fflush.o)
 .debug_loc     0x000000000000965e      0x339 /usr/lib/gcc/arm-none-eabi/9.2.1/../../../arm-none-eabi/lib/thumb/v7e-m+fp/hard/libg_nano.a(lib_a-findfp.o)
 .debug_loc     0x0000000000009997      0x24f /usr/lib/gcc/arm-none-eabi/9.2.1/../../../arm-none-eabi/lib/thumb/v7e-m+fp/hard/libg_nano.a(lib_a-fwalk.o)
 .debug_loc     0x0000000000009be6      0x192 /usr/lib/gcc/arm-none-eabi/9.2.1/../../../arm-none-eabi/lib/thumb/v7e-m+fp/hard/libg_nano.a(lib_a-makebuf.o)
 .debug_loc     0x0000000000009d78      0x211 /usr/lib/gcc/arm-none-eabi/9.2.1/../../../arm-none-eabi/lib/thumb/v7e-m+fp/hard/libg_nano.a(lib_a-nano-freer.o)
 .debug_loc     0x0000000000009f89      0x437 /usr/lib/gcc/arm-none-eabi/9.2.1/../../../arm-none-eabi/lib/thumb/v7e-m+fp/hard/libg_nano.a(lib_a-nano-mallocr.o)
 .debug_loc     0x000000000000a3c0      0x400 /usr/lib/gcc/arm-none-eabi/9.2.1/../../../arm-none-eabi/lib/thumb/v7e-m+fp/hard/libg_nano.a(lib_a-putc.o)
 .debug_loc     0x000000000000a7c0       0x6c /usr/lib/gcc/arm-none-eabi/9.2.1/../../../arm-none-eabi/lib/thumb/v7e-m+fp/hard/libg_nano.a(lib_a-sbrkr.o)
 .debug_loc     0x000000000000a82c      0x393 /usr/lib/gcc/arm-none-eabi/9.2.1/../../../arm-none-eabi/lib/thumb/v7e-m+fp/hard/libg_nano.a(lib_a-stdio.o)
 .debug_loc     0x000000000000abbf       0xdd /usr/lib/gcc/arm-none-eabi/9.2.1/../../../arm-none-eabi/lib/thumb/v7e-m+fp/hard/libg_nano.a(lib_a-writer.o)
 .debug_loc     0x000000000000ac9c       0x6c /usr/lib/gcc/arm-none-eabi/9.2.1/../../../arm-none-eabi/lib/thumb/v7e-m+fp/hard/libg_nano.a(lib_a-closer.o)
 .debug_loc     0x000000000000ad08       0xab /usr/lib/gcc/arm-none-eabi/9.2.1/../../../arm-none-eabi/lib/thumb/v7e-m+fp/hard/libg_nano.a(lib_a-fstatr.o)
 .debug_loc     0x000000000000adb3       0x6c /usr/lib/gcc/arm-none-eabi/9.2.1/../../../arm-none-eabi/lib/thumb/v7e-m+fp/hard/libg_nano.a(lib_a-isattyr.o)
 .debug_loc     0x000000000000ae1f       0xdd /usr/lib/gcc/arm-none-eabi/9.2.1/../../../arm-none-eabi/lib/thumb/v7e-m+fp/hard/libg_nano.a(lib_a-lseekr.o)
 .debug_loc     0x000000000000aefc       0xdd /usr/lib/gcc/arm-none-eabi/9.2.1/../../../arm-none-eabi/lib/thumb/v7e-m+fp/hard/libg_nano.a(lib_a-readr.o)
 .debug_loc     0x000000000000afd9      0x135 /usr/lib/gcc/arm-none-eabi/9.2.1/../../../arm-none-eabi/lib/thumb/v7e-m+fp/hard/libg_nano.a(lib_a-reent.o)

.debug_frame    0x0000000000000000     0x24e0
 .debug_frame   0x0000000000000000       0x2c /usr/lib/gcc/arm-none-eabi/9.2.1/../../../arm-none-eabi/lib/thumb/v7e-m+fp/hard/libc_nano.a(lib_a-init.o)
 .debug_frame   0x000000000000002c       0x38 /usr/lib/gcc/arm-none-eabi/9.2.1/../../../arm-none-eabi/lib/thumb/v7e-m+fp/hard/libc_nano.a(lib_a-memset.o)
 .debug_frame   0x0000000000000064       0xa0 /tmp/cc73nSx5.o
 .debug_frame   0x0000000000000104       0xc8 /tmp/cc1FwrS2.o
 .debug_frame   0x00000000000001cc       0xa0 /tmp/ccWderB2.o
 .debug_frame   0x000000000000026c      0x190 /tmp/ccYKabV4.o
 .debug_frame   0x00000000000003fc       0x28 /tmp/cc9iMHk6.o
 .debug_frame   0x0000000000000424       0x30 /tmp/cc1gjJx4.o
 .debug_frame   0x0000000000000454      0x1d4 /tmp/ccETNDh5.o
 .debug_frame   0x0000000000000628      0x170 /tmp/ccpgqGO4.o
 .debug_frame   0x0000000000000798      0x524 /tmp/cc9FHyY3.o
 .debug_frame   0x0000000000000cbc      0x184 /tmp/cctCUsp3.o
 .debug_frame   0x0000000000000e40      0x15c /tmp/ccPxZMb3.o
 .debug_frame   0x0000000000000f9c      0x1dc /tmp/ccyXcMw2.o
 .debug_frame   0x0000000000001178      0x17c /tmp/ccMRN541.o
 .debug_frame   0x00000000000012f4       0xec /tmp/ccoN7oA4.o
 .debug_frame   0x00000000000013e0      0x19c /tmp/ccwASb53.o
 .debug_frame   0x000000000000157c       0xb4 /tmp/ccZFCEf2.o
 .debug_frame   0x0000000000001630      0x674 /tmp/ccmgwjy2.o
 .debug_frame   0x0000000000001ca4       0xb4 /tmp/ccBLbvg6.o
 .debug_frame   0x0000000000001d58       0xac /usr/lib/gcc/arm-none-eabi/9.2.1/thumb/v7e-m+fp/hard/libgcc.a(_arm_addsubdf3.o)
 .debug_frame   0x0000000000001e04       0x24 /usr/lib/gcc/arm-none-eabi/9.2.1/thumb/v7e-m+fp/hard/libgcc.a(_arm_truncdfsf2.o)